
Talos 0.1.0 booting on talos-aarch64-virt
boot-info: dtb_pa=0x0000000048000000 core=0 el=2 target=talos-aarch64-virt
target-services: uart=pl011 timer=arm-generic irq=gic-v2 dtb=Some(
    0x0000000048000000,
)
mmio-regions: 3
qemu-initial-user-stack-smoke: start
qemu-initial-user-stack-smoke: fixture name=phase8-program-loader-elf64-aarch64-v1 path=/bin/init source-digest=0x3892eed223900c65 install-boundary=phase8-process-install-plan-v1 address-space-boundary=phase8-process-address-space-model-v1 materialization-boundary=phase8-process-page-table-materialization-v1 launch-boundary=phase8-initial-process-launch-plan-v1 stack-boundary=phase8-initial-user-stack-plan-v1
qemu-initial-user-stack-smoke: success output=InitialUserStackPlan published=true stack-top=0x0000800000000000 initial-sp=0x0000800000000000 sp-aligned-16=true ok=true
qemu-initial-user-stack-smoke: layout usable-start=0x00007fffffffc000 usable-end=0x0000800000000000 guard-start=0x00007fffffffb000 guard-end=0x00007fffffffc000 page-size=0x1000 usable-pages=4 guard-pages=1 ok=true
qemu-initial-user-stack-smoke: ownership usable-user-data=true stack-owned=true guard-has-frame=false guard-has-descriptor=false total-copied-bytes=0 total-zeroed-bytes=0x4000 ok=true
qemu-initial-user-stack-smoke: startup argc=0 argv=null envp=null auxv=blocked-pending-startup-abi tls=blocked-pending-startup-abi copied-startup-bytes=0 ok=true
qemu-initial-user-stack-smoke: launch-binding user-sp-state=model-only-initial-user-stack-ready saved-frame-sp-el0=0x0000800000000000 activation-state=blocked-no-ttbr-activation no-partial-launch=true ok=true
qemu-initial-user-stack-smoke: side-effects ttbr-mutated=false tcr-mutated=false mair-mutated=false sctlr-mutated=false asid-allocated=false tlb-mutated=false lower-el-eret=false scheduler-published=false process-table-mutated=false descriptor-table-mutated=false ok=true
qemu-initial-user-stack-smoke: teardown stack-leases-released=true image-leases-untouched=true idempotent=true ok=true
qemu-initial-user-stack-smoke: error case=identity-mismatch errno=-EINVAL partial-stack=false partial-launch=false ok=true
qemu-initial-user-stack-smoke: error case=range-fault errno=-EFAULT partial-stack=false partial-launch=false ok=true
qemu-initial-user-stack-smoke: error case=image-overlap errno=-EACCES partial-stack=false partial-launch=false ok=true
qemu-initial-user-stack-smoke: error case=executable-stack errno=-EACCES partial-stack=false partial-launch=false ok=true
qemu-initial-user-stack-smoke: error case=capacity-exhausted errno=-ENOMEM partial-stack=false partial-launch=false leases-released=true ok=true
qemu-initial-user-stack-smoke: error case=already-stack-ready errno=-EINVAL partial-stack=false partial-launch=false ok=true
qemu-initial-user-stack-smoke: error case=live-launch-request errno=-ENOSYS partial-stack=false partial-launch=false runnable-published=false ok=true
qemu-initial-user-stack-smoke: final participants=13 expected=13 errors=0 classification=qemu-initial-user-stack-smoke-complete
qemu-initial-user-stack-smoke: PASS
