
Talos 0.1.0 booting on talos-aarch64-virt
boot-info: dtb_pa=0x0000000048000000 core=0 el=2 target=talos-aarch64-virt
target-services: uart=pl011 timer=arm-generic irq=gic-v2 dtb=Some(
    0x0000000048000000,
)
mmio-regions: 3
qemu-local-shell-waitpid: start command-count=33 backend=runtime-console0/qemu-virt-pl011 input=fd0/runtime-console0/tty-canonical-lite builtins=kernel-backed-regression-control+vfs-syscall-cat+vfs-userspace-exec-boundary+lifecycle-laststatus+waitpid-lifecycle-observation+standard-descriptor-inheritance+userspace-stdout-through-inherited-fd1+userspace-stdin-through-inherited-fd0+userspace-stderr-through-inherited-fd2+descriptor-dup-redirection-1-to-2+descriptor-dup-redirection-2-to-1+descriptor-close-redirection-1+descriptor-close-redirection-2+minimal-stdout-to-stdin-pipeline+stdout-only-pipeline-stderr-not-piped+pipeline-stderr-dup-to-stdout+pipeline-stdout-redirect-away+stdout-dev-null-redirection+stderr-dev-null-redirection+stdin-dev-null-redirection+readonly-regular-file-stdin-redirection+volatile-stdout-regular-file-redirection+volatile-stderr-regular-file-redirection+explicit-fd1-regular-file-redirection+stdout-arbitrary-tmp-output-redirection+stderr-arbitrary-tmp-output-redirection+combined-stdin-stdout-redirection+pipeline-consumer-output-redirection+pipeline-producer-file-redirection-away+background-vfs-exec-lifecycle+jobs-accounting-list+multiple-background-vfs-exec-records+background-jobs-stale-entry-policy+generated-root-manifest-read+generated-root-executable-vfs-exec+shell-pingdiag-vfs-userspace-diagnostic+shell-sockdiag-vfs-userspace-socket-open-close+shell-sockdiag-vfs-userspace-socket-bind-listen+shell-sockdiag-vfs-userspace-socket-connect-accept+shell-sockdiag-vfs-userspace-socket-send-recv+shell-sockdiag-vfs-userspace-socket-readiness-poll+shell-sockdiag-vfs-userspace-socket-blocking-poll-wait+shell-sockdiag-vfs-userspace-cross-process-local-socket+shell-sockdiag-vfs-userspace-smoltcp-tcp+pipeline-distinct-serialized-process-identities+explicit-pid-wait-status-observation+waitpid-completed-child-observation descriptor-backed-input=true descriptor-backed-output=true
qemu-local-shell-waitpid: ready command=0
talos> help
talos: ok help
talos: commands help status stdio pwd echo ls cat cd exec laststatus waitpid jobs
talos: echo forms echo hello; echo local serial works
talos: editing backspace delete ctrl-c ctrl-u

qemu-local-shell-waitpid: line command=0 hex=68 65 6c 70
qemu-local-shell-waitpid: dispatch command=0 status=handled responses=4 raw-bytes=5 backspaces=0 deletes=0 truncated=false controls=0
qemu-local-shell-waitpid: ready command=1
talos> status
talos: ok status
talos: version phase10.2-kernel-builtins-v2
talos: runtime-console runtime-console0
talos: builtins kernel-backed-regression-control+vfs-syscall-cat+vfs-userspace-exec-boundary+lifecycle-laststatus+waitpid-lifecycle-observation+standard-descriptor-inheritance+userspace-stdout-through-inherited-fd1+userspace-stdin-through-inherited-fd0+userspace-stderr-through-inherited-fd2+descriptor-dup-redirection-1-to-2+descriptor-dup-redirection-2-to-1+descriptor-close-redirection-1+descriptor-close-redirection-2+minimal-stdout-to-stdin-pipeline+stdout-only-pipeline-stderr-not-piped+pipeline-stderr-dup-to-stdout+pipeline-stdout-redirect-away+stdout-dev-null-redirection+stderr-dev-null-redirection+stdin-dev-null-redirection+readonly-regular-file-stdin-redirection+volatile-stdout-regular-file-redirection+volatile-stderr-regular-file-redirection+explicit-fd1-regular-file-redirection+stdout-arbitrary-tmp-output-redirection+stderr-arbitrary-tmp-output-redirection+combined-stdin-stdout-redirection+pipeline-consumer-output-redirection+pipeline-producer-file-redirection-away+background-vfs-exec-lifecycle+jobs-accounting-list+multiple-background-vfs-exec-records+background-jobs-stale-entry-policy+generated-root-manifest-read+generated-root-executable-vfs-exec+shell-pingdiag-vfs-userspace-diagnostic+shell-sockdiag-vfs-userspace-socket-open-close+shell-sockdiag-vfs-userspace-socket-bind-listen+shell-sockdiag-vfs-userspace-socket-connect-accept+shell-sockdiag-vfs-userspace-socket-send-recv+shell-sockdiag-vfs-userspace-socket-readiness-poll+shell-sockdiag-vfs-userspace-socket-blocking-poll-wait+shell-sockdiag-vfs-userspace-cross-process-local-socket+shell-sockdiag-vfs-userspace-smoltcp-tcp+pipeline-distinct-serialized-process-identities+explicit-pid-wait-status-observation+waitpid-completed-child-observation
talos: commands help status stdio pwd echo ls cat cd exec laststatus waitpid jobs

qemu-local-shell-waitpid: line command=1 hex=73 74 61 74 75 73
qemu-local-shell-waitpid: dispatch command=1 status=handled responses=5 raw-bytes=7 backspaces=0 deletes=0 truncated=false controls=0
qemu-local-shell-waitpid: ready command=2
talos> stdio
talos: ok stdio
talos: fd 0 stdio-input
talos: fd 1 stdio-output
talos: fd 2 stdio-output
talos: runtime-console runtime-console0
talos: descriptor-backed-input=true
talos: descriptor-backed-output=true

qemu-local-shell-waitpid: line command=2 hex=73 74 64 69 6f
qemu-local-shell-waitpid: dispatch command=2 status=handled responses=7 raw-bytes=6 backspaces=0 deletes=0 truncated=false controls=0
qemu-local-shell-waitpid: ready command=3
talos> waitpid
talos: waitpid no-child source=lifecycle-record

qemu-local-shell-waitpid: line command=3 hex=77 61 69 74 70 69 64
qemu-local-shell-waitpid: dispatch command=3 status=handled responses=1 raw-bytes=8 backspaces=0 deletes=0 truncated=false controls=0
qemu-local-shell-waitpid: ready command=4
talos> exec /bin/status42
talos: exec path=/bin/status42 source=vfs-open-read
talos: exec-source bytes=0x0000000000000204 digest=0xfcf2aa9a18924de0
talos: exec-loader fixture=phase8-program-loader-elf64-aarch64-v1 entry=0x0000000000010100 segments=0x0000000000000002
talos: exec-launch launch-boundary=phase8-initial-process-launch-plan-v1 stack-boundary=phase8-initial-user-stack-plan-v1 address-space=0x0000000000100001 materialization=0x0000000830100001 initial-sp=0x00007fffffffffd0
talos: exec-descriptors owner=0x0000000000000001 inherited-count=0x0000000000000003 fd0=stdio-input fd1=stdio-output fd2=stdio-output loader-temp-fd=0x0000000000000003 loader-temp-open=false source=shell-process-descriptor-table
talos: exec-startup-abi state=minimal-argc1-argv0-absolute-empty-envp argc=0x0000000000000001 argv0=/bin/status42 argv0-ptr=0x00007ffffffffff0 argv-null=false envp-null=true envp-state=empty-envp0 envp-entries=0x0000000000000000 envp0-ptr=0x00007fffffffffe8 copied-startup-bytes=0x000000000000002e source=initial-user-stack-record
talos: exec-lifecycle pid=0x0000000000100001 parent=shell owner=0x0000000000000001 path=/bin/status42 state=exited status=0x000000000000002a observed-status=0x000000000000002a reaped=true
talos: vfs-exec-lifecycle-status record=phase12-local-vfs-exec-lifecycle-status-record-v2 pid=0x0000000000100001 parent=shell owner=0x0000000000000001 path=/bin/status42 state=exited status=0x000000000000002a observed-status=0x000000000000002a reaped=true source=kernel-owned-vfs-exec-lifecycle-status-record
talos: exec-status boundary=lower-aarch64-svc-status-equivalent marker=0x0000000000007a10 status=0x000000000000002a complete=true source=lifecycle-record
talos: exec-signal lower-aarch64-svc-launch-boundary-equivalent

qemu-local-shell-waitpid: line command=4 hex=65 78 65 63 20 2f 62 69 6e 2f 73 74 61 74 75 73 34 32
qemu-local-shell-waitpid: dispatch command=4 status=handled responses=10 raw-bytes=19 backspaces=0 deletes=0 truncated=false controls=0
qemu-local-shell-waitpid: ready command=5
talos> waitpid
talos: waitpid pid=0x0000000000100001 parent=shell owner=0x0000000000000001 path=/bin/status42 state=exited status=0x000000000000002a observed-status=0x000000000000002a reaped=true source=lifecycle-record

qemu-local-shell-waitpid: line command=5 hex=77 61 69 74 70 69 64
qemu-local-shell-waitpid: dispatch command=5 status=handled responses=1 raw-bytes=8 backspaces=0 deletes=0 truncated=false controls=0
qemu-local-shell-waitpid: ready command=6
talos> waitpid
talos: waitpid no-child source=lifecycle-record

qemu-local-shell-waitpid: line command=6 hex=77 61 69 74 70 69 64
qemu-local-shell-waitpid: dispatch command=6 status=handled responses=1 raw-bytes=8 backspaces=0 deletes=0 truncated=false controls=0
qemu-local-shell-waitpid: ready command=7
talos> laststatus
talos: last-process pid=0x0000000000100001 parent=shell owner=0x0000000000000001 path=/bin/status42 state=exited status=0x000000000000002a observed-status=0x000000000000002a reaped=true source=lifecycle-record

qemu-local-shell-waitpid: line command=7 hex=6c 61 73 74 73 74 61 74 75 73
qemu-local-shell-waitpid: dispatch command=7 status=handled responses=1 raw-bytes=11 backspaces=0 deletes=0 truncated=false controls=0
qemu-local-shell-waitpid: ready command=8
talos> exec /bin/init
talos: exec path=/bin/init source=vfs-open-read
talos: exec-source bytes=0x0000000000000204 digest=0x96ee5866736d445b
talos: exec-loader fixture=phase8-program-loader-elf64-aarch64-v1 entry=0x0000000000010100 segments=0x0000000000000002
talos: exec-launch launch-boundary=phase8-initial-process-launch-plan-v1 stack-boundary=phase8-initial-user-stack-plan-v1 address-space=0x0000000000100001 materialization=0x0000000830100001 initial-sp=0x00007fffffffffd0
talos: exec-descriptors owner=0x0000000000000001 inherited-count=0x0000000000000003 fd0=stdio-input fd1=stdio-output fd2=stdio-output loader-temp-fd=0x0000000000000003 loader-temp-open=false source=shell-process-descriptor-table
talos: exec-startup-abi state=minimal-argc1-argv0-init-empty-envp argc=0x0000000000000001 argv0=/bin/init argv0-ptr=0x00007ffffffffff0 argv-null=false envp-null=true envp-state=empty-envp0 envp-entries=0x0000000000000000 envp0-ptr=0x00007fffffffffe8 copied-startup-bytes=0x000000000000002a source=initial-user-stack-record
talos: exec-lifecycle pid=0x0000000000100001 parent=shell owner=0x0000000000000001 path=/bin/init state=exited status=0x0000000000000000 observed-status=0x0000000000000000 reaped=true
talos: init-lifecycle-status record=phase12-local-process-lifecycle-status-record-v1 pid=0x0000000000100001 parent=shell owner=0x0000000000000001 path=/bin/init state=exited status=0x0000000000000000 observed-status=0x0000000000000000 reaped=true source=kernel-owned-lifecycle-status-record
talos: vfs-exec-lifecycle-status record=phase12-local-vfs-exec-lifecycle-status-record-v2 pid=0x0000000000100001 parent=shell owner=0x0000000000000001 path=/bin/init state=exited status=0x0000000000000000 observed-status=0x0000000000000000 reaped=true source=kernel-owned-vfs-exec-lifecycle-status-record
talos: exec-status boundary=lower-aarch64-svc-status-equivalent marker=0x0000000000007a10 status=0x0000000000000000 complete=true source=lifecycle-record
talos: exec-signal lower-aarch64-svc-launch-boundary-equivalent

qemu-local-shell-waitpid: line command=8 hex=65 78 65 63 20 2f 62 69 6e 2f 69 6e 69 74
qemu-local-shell-waitpid: dispatch command=8 status=handled responses=11 raw-bytes=15 backspaces=0 deletes=0 truncated=false controls=0
qemu-local-shell-waitpid: ready command=9
talos> waitpid
talos: waitpid pid=0x0000000000100001 parent=shell owner=0x0000000000000001 path=/bin/init state=exited status=0x0000000000000000 observed-status=0x0000000000000000 reaped=true source=lifecycle-record

qemu-local-shell-waitpid: line command=9 hex=77 61 69 74 70 69 64
qemu-local-shell-waitpid: dispatch command=9 status=handled responses=1 raw-bytes=8 backspaces=0 deletes=0 truncated=false controls=0
qemu-local-shell-waitpid: ready command=10
talos> exec /bin/zero
talos: exec path=/bin/zero source=vfs-open-read
talos: exec-source bytes=0x0000000000000204 digest=0x96ee5866736d445b
talos: exec-loader fixture=phase8-program-loader-elf64-aarch64-v1 entry=0x0000000000010100 segments=0x0000000000000002
talos: exec-launch launch-boundary=phase8-initial-process-launch-plan-v1 stack-boundary=phase8-initial-user-stack-plan-v1 address-space=0x0000000000100001 materialization=0x0000000830100001 initial-sp=0x00007fffffffffd0
talos: exec-descriptors owner=0x0000000000000001 inherited-count=0x0000000000000003 fd0=stdio-input fd1=stdio-output fd2=stdio-output loader-temp-fd=0x0000000000000003 loader-temp-open=false source=shell-process-descriptor-table
talos: exec-startup-abi state=minimal-argc1-argv0-absolute-empty-envp argc=0x0000000000000001 argv0=/bin/zero argv0-ptr=0x00007ffffffffff0 argv-null=false envp-null=true envp-state=empty-envp0 envp-entries=0x0000000000000000 envp0-ptr=0x00007fffffffffe8 copied-startup-bytes=0x000000000000002a source=initial-user-stack-record
talos: exec-lifecycle pid=0x0000000000100001 parent=shell owner=0x0000000000000001 path=/bin/zero state=exited status=0x0000000000000000 observed-status=0x0000000000000000 reaped=true
talos: vfs-exec-lifecycle-status record=phase12-local-vfs-exec-lifecycle-status-record-v2 pid=0x0000000000100001 parent=shell owner=0x0000000000000001 path=/bin/zero state=exited status=0x0000000000000000 observed-status=0x0000000000000000 reaped=true source=kernel-owned-vfs-exec-lifecycle-status-record
talos: exec-status boundary=lower-aarch64-svc-status-equivalent marker=0x0000000000007a10 status=0x0000000000000000 complete=true source=lifecycle-record
talos: exec-signal lower-aarch64-svc-launch-boundary-equivalent

qemu-local-shell-waitpid: line command=10 hex=65 78 65 63 20 2f 62 69 6e 2f 7a 65 72 6f
qemu-local-shell-waitpid: dispatch command=10 status=handled responses=10 raw-bytes=15 backspaces=0 deletes=0 truncated=false controls=0
qemu-local-shell-waitpid: ready command=11
talos> waitpid
talos: waitpid pid=0x0000000000100001 parent=shell owner=0x0000000000000001 path=/bin/zero state=exited status=0x0000000000000000 observed-status=0x0000000000000000 reaped=true source=lifecycle-record

qemu-local-shell-waitpid: line command=11 hex=77 61 69 74 70 69 64
qemu-local-shell-waitpid: dispatch command=11 status=handled responses=1 raw-bytes=8 backspaces=0 deletes=0 truncated=false controls=0
qemu-local-shell-waitpid: ready command=12
talos> exec /missing
talos: exec-not-found

qemu-local-shell-waitpid: line command=12 hex=65 78 65 63 20 2f 6d 69 73 73 69 6e 67
qemu-local-shell-waitpid: dispatch command=12 status=unexpected-argument responses=1 raw-bytes=14 backspaces=0 deletes=0 truncated=false controls=0
qemu-local-shell-waitpid: ready command=13
talos> exec bin/init
talos: exec-invalid-path

qemu-local-shell-waitpid: line command=13 hex=65 78 65 63 20 62 69 6e 2f 69 6e 69 74
qemu-local-shell-waitpid: dispatch command=13 status=unexpected-argument responses=1 raw-bytes=14 backspaces=0 deletes=0 truncated=false controls=0
qemu-local-shell-waitpid: ready command=14
talos> exec /bin
talos: exec-not-executable

qemu-local-shell-waitpid: line command=14 hex=65 78 65 63 20 2f 62 69 6e
qemu-local-shell-waitpid: dispatch command=14 status=unexpected-argument responses=1 raw-bytes=10 backspaces=0 deletes=0 truncated=false controls=0
qemu-local-shell-waitpid: ready command=15
talos> exec /etc/banner.txt
talos: exec-not-executable

qemu-local-shell-waitpid: line command=15 hex=65 78 65 63 20 2f 65 74 63 2f 62 61 6e 6e 65 72 2e 74 78 74
qemu-local-shell-waitpid: dispatch command=15 status=unexpected-argument responses=1 raw-bytes=21 backspaces=0 deletes=0 truncated=false controls=0
qemu-local-shell-waitpid: ready command=16
talos> exec /empty
talos: exec-not-executable

qemu-local-shell-waitpid: line command=16 hex=65 78 65 63 20 2f 65 6d 70 74 79
qemu-local-shell-waitpid: dispatch command=16 status=unexpected-argument responses=1 raw-bytes=12 backspaces=0 deletes=0 truncated=false controls=0
qemu-local-shell-waitpid: ready command=17
talos> cat /etc/banner.txt
Talos initramfs fixture

qemu-local-shell-waitpid: line command=17 hex=63 61 74 20 2f 65 74 63 2f 62 61 6e 6e 65 72 2e 74 78 74
qemu-local-shell-waitpid: dispatch command=17 status=handled responses=1 raw-bytes=20 backspaces=0 deletes=0 truncated=false controls=0
qemu-local-shell-waitpid: ready command=18
talos> exec stdout | exec stdin
Talos userspace stdin fixture read: Talos userspace stdout fixture

talos: pipeline id=0x0000000000000001 producer-fd=0x0000000000000001 producer-path=/bin/stdout consumer-fd=0x0000000000000000 consumer-path=/bin/stdin bytes-written=0x000000000000001f bytes-read=0x000000000000001f writer-closed=true reader-eof=true shell-restored=true source=shell-pipe-stdout-to-stdin
talos: pipeline-lifecycle-status record=phase12-local-pipeline-distinct-process-lifecycle-status-record-v1 pipeline=0x0000000000000001 producer-pid=0x0000000000100001 producer-path=/bin/stdout producer-state=exited producer-status=0x0000000000000000 producer-observed-status=0x0000000000000000 producer-reaped=true consumer-pid=0x0000000000100002 consumer-path=/bin/stdin consumer-state=exited consumer-status=0x0000000000000000 consumer-observed-status=0x0000000000000000 consumer-reaped=true source=kernel-owned-pipeline-lifecycle-status-record
talos: exec path=/bin/stdout source=vfs-open-read
talos: exec-source bytes=0x0000000000000204 digest=0x96ee5866736d445b
talos: exec-loader fixture=phase8-program-loader-elf64-aarch64-v1 entry=0x0000000000010100 segments=0x0000000000000002
talos: exec-launch launch-boundary=phase8-initial-process-launch-plan-v1 stack-boundary=phase8-initial-user-stack-plan-v1 address-space=0x0000000000100001 materialization=0x0000000830100001 initial-sp=0x00007fffffffffd0
talos: exec-descriptors owner=0x0000000000000001 inherited-count=0x0000000000000003 fd0=stdio-input fd1=pipe-endpoint fd2=stdio-output loader-temp-fd=0x0000000000000003 loader-temp-open=false source=shell-process-descriptor-table
talos: exec-startup-abi state=minimal-argc1-argv0-absolute-empty-envp argc=0x0000000000000001 argv0=/bin/stdout argv0-ptr=0x00007ffffffffff0 argv-null=false envp-null=true envp-state=empty-envp0 envp-entries=0x0000000000000000 envp0-ptr=0x00007fffffffffe8 copied-startup-bytes=0x000000000000002c source=initial-user-stack-record
talos: exec-stdout fd=0x0000000000000001 bytes=0x000000000000001f return=0x000000000000001f stream=pipe-writer route=pipe:stdout-to-stdin source=userspace-talos-write
talos: exec-lifecycle pid=0x0000000000100001 parent=shell owner=0x0000000000000001 path=/bin/stdout state=exited status=0x0000000000000000 observed-status=0x0000000000000000 reaped=true
talos: exec-status boundary=lower-aarch64-svc-status-equivalent marker=0x0000000000007a10 status=0x0000000000000000 complete=true source=lifecycle-record
talos: exec-signal lower-aarch64-svc-launch-boundary-equivalent
talos: exec path=/bin/stdin source=vfs-open-read
talos: exec-source bytes=0x0000000000000204 digest=0x96ee5866736d445b
talos: exec-loader fixture=phase8-program-loader-elf64-aarch64-v1 entry=0x0000000000010100 segments=0x0000000000000002
talos: exec-launch launch-boundary=phase8-initial-process-launch-plan-v1 stack-boundary=phase8-initial-user-stack-plan-v1 address-space=0x0000000000100001 materialization=0x0000000830100001 initial-sp=0x00007fffffffffd0
talos: exec-descriptors owner=0x0000000000000001 inherited-count=0x0000000000000003 fd0=pipe-endpoint fd1=stdio-output fd2=stdio-output loader-temp-fd=0x0000000000000003 loader-temp-open=false source=shell-process-descriptor-table
talos: exec-startup-abi state=minimal-argc1-argv0-absolute-empty-envp argc=0x0000000000000001 argv0=/bin/stdin argv0-ptr=0x00007ffffffffff0 argv-null=false envp-null=true envp-state=empty-envp0 envp-entries=0x0000000000000000 envp0-ptr=0x00007fffffffffe8 copied-startup-bytes=0x000000000000002b source=initial-user-stack-record
talos: exec-stdin fd=0x0000000000000000 bytes=0x000000000000001f return=0x000000000000001f read-source=pipe:stdout-to-stdin stdout-fd=0x0000000000000001 stdout-bytes=0x0000000000000044 stdout-return=0x0000000000000044 source=userspace-talos-read+userspace-talos-write read-result=pipe-eof-after-writer-close
talos: exec-lifecycle pid=0x0000000000100002 parent=shell owner=0x0000000000000001 path=/bin/stdin state=exited status=0x0000000000000000 observed-status=0x0000000000000000 reaped=true
talos: exec-status boundary=lower-aarch64-svc-status-equivalent marker=0x0000000000007a10 status=0x0000000000000000 complete=true source=lifecycle-record
talos: exec-signal lower-aarch64-svc-launch-boundary-equivalent

qemu-local-shell-waitpid: line command=18 hex=65 78 65 63 20 73 74 64 6f 75 74 20 7c 20 65 78 65 63 20 73 74 64 69 6e
qemu-local-shell-waitpid: dispatch command=18 status=handled responses=22 raw-bytes=25 backspaces=0 deletes=0 truncated=false controls=0
qemu-local-shell-waitpid: ready command=19
talos> waitpid 0x100001
talos: waitpid pid=0x0000000000100001 parent=shell owner=0x0000000000000001 path=/bin/stdout state=exited status=0x0000000000000000 observed-status=0x0000000000000000 reaped=true source=explicit-pid-lifecycle-record

qemu-local-shell-waitpid: line command=19 hex=77 61 69 74 70 69 64 20 30 78 31 30 30 30 30 31
qemu-local-shell-waitpid: dispatch command=19 status=handled responses=1 raw-bytes=17 backspaces=0 deletes=0 truncated=false controls=0
qemu-local-shell-waitpid: ready command=20
talos> waitpid 0x100002
talos: waitpid pid=0x0000000000100002 parent=shell owner=0x0000000000000001 path=/bin/stdin state=exited status=0x0000000000000000 observed-status=0x0000000000000000 reaped=true source=explicit-pid-lifecycle-record

qemu-local-shell-waitpid: line command=20 hex=77 61 69 74 70 69 64 20 30 78 31 30 30 30 30 32
qemu-local-shell-waitpid: dispatch command=20 status=handled responses=1 raw-bytes=17 backspaces=0 deletes=0 truncated=false controls=0
qemu-local-shell-waitpid: ready command=21
talos> waitpid 0x100001
talos: waitpid no-child pid=0x0000000000100001 source=explicit-pid-lifecycle-record

qemu-local-shell-waitpid: line command=21 hex=77 61 69 74 70 69 64 20 30 78 31 30 30 30 30 31
qemu-local-shell-waitpid: dispatch command=21 status=handled responses=1 raw-bytes=17 backspaces=0 deletes=0 truncated=false controls=0
qemu-local-shell-waitpid: ready command=22
talos> waitpid bogus
talos: waitpid invalid-pid source=explicit-pid-lifecycle-record

qemu-local-shell-waitpid: line command=22 hex=77 61 69 74 70 69 64 20 62 6f 67 75 73
qemu-local-shell-waitpid: dispatch command=22 status=unexpected-argument responses=1 raw-bytes=14 backspaces=0 deletes=0 truncated=false controls=0
qemu-local-shell-waitpid: ready command=23
talos> waitpid 0x0
talos: waitpid unsupported-pid pid=0x0000000000000000 source=explicit-pid-lifecycle-record

qemu-local-shell-waitpid: line command=23 hex=77 61 69 74 70 69 64 20 30 78 30
qemu-local-shell-waitpid: dispatch command=23 status=unexpected-argument responses=1 raw-bytes=12 backspaces=0 deletes=0 truncated=false controls=0
qemu-local-shell-waitpid: ready command=24
talos> cat /etc/banner.txt
Talos initramfs fixture

qemu-local-shell-waitpid: line command=24 hex=63 61 74 20 2f 65 74 63 2f 62 61 6e 6e 65 72 2e 74 78 74
qemu-local-shell-waitpid: dispatch command=24 status=handled responses=1 raw-bytes=20 backspaces=0 deletes=0 truncated=false controls=0
qemu-local-shell-waitpid: ready command=25
talos> exec /bin/status42 &
talos: exec path=/bin/status42 source=vfs-open-read mode=background
talos: exec-source bytes=0x0000000000000204 digest=0xfcf2aa9a18924de0
talos: exec-loader fixture=phase8-program-loader-elf64-aarch64-v1 entry=0x0000000000010100 segments=0x0000000000000002
talos: exec-launch launch-boundary=phase8-initial-process-launch-plan-v1 stack-boundary=phase8-initial-user-stack-plan-v1 address-space=0x0000000000100001 materialization=0x0000000830100001 initial-sp=0x00007fffffffffd0
talos: exec-descriptors owner=0x0000000000000001 inherited-count=0x0000000000000003 fd0=stdio-input fd1=stdio-output fd2=stdio-output loader-temp-fd=0x0000000000000003 loader-temp-open=false source=shell-process-descriptor-table
talos: exec-startup-abi state=minimal-argc1-argv0-absolute-empty-envp argc=0x0000000000000001 argv0=/bin/status42 argv0-ptr=0x00007ffffffffff0 argv-null=false envp-null=true envp-state=empty-envp0 envp-entries=0x0000000000000000 envp0-ptr=0x00007fffffffffe8 copied-startup-bytes=0x000000000000002e source=initial-user-stack-record
talos: background-job id=0x0000000000000001 pid=0x0000000000100001 command=/bin/status42 state=running reaped=false status=pending shell-responsive=true source=background-vfs-exec-accounting
talos: background-signal lower-aarch64-svc-launch-boundary-equivalent

qemu-local-shell-waitpid: line command=25 hex=65 78 65 63 20 2f 62 69 6e 2f 73 74 61 74 75 73 34 32 20 26
qemu-local-shell-waitpid: dispatch command=25 status=handled responses=8 raw-bytes=21 backspaces=0 deletes=0 truncated=false controls=0
qemu-local-shell-waitpid: ready command=26
talos> waitpid 0x100001
talos: background-job id=0x0000000000000001 pid=0x0000000000100001 command=/bin/status42 state=completed status=0x000000000000002a observed-status=0x000000000000002a reaped=true shell-responsive=observed source=background-vfs-exec-accounting
talos: waitpid pid=0x0000000000100001 parent=shell owner=0x0000000000000001 path=/bin/status42 state=exited status=0x000000000000002a observed-status=0x000000000000002a reaped=true source=background-job-lifecycle-record

qemu-local-shell-waitpid: line command=26 hex=77 61 69 74 70 69 64 20 30 78 31 30 30 30 30 31
qemu-local-shell-waitpid: dispatch command=26 status=handled responses=2 raw-bytes=17 backspaces=0 deletes=0 truncated=false controls=0
qemu-local-shell-waitpid: ready command=27
talos> waitpid 0x100001
talos: waitpid no-child pid=0x0000000000100001 source=explicit-pid-lifecycle-record

qemu-local-shell-waitpid: line command=27 hex=77 61 69 74 70 69 64 20 30 78 31 30 30 30 30 31
qemu-local-shell-waitpid: dispatch command=27 status=handled responses=1 raw-bytes=17 backspaces=0 deletes=0 truncated=false controls=0
qemu-local-shell-waitpid: ready command=28
talos> jobs
talos: jobs none source=background-vfs-exec-accounting

qemu-local-shell-waitpid: line command=28 hex=6a 6f 62 73
qemu-local-shell-waitpid: dispatch command=28 status=handled responses=1 raw-bytes=5 backspaces=0 deletes=0 truncated=false controls=0
qemu-local-shell-waitpid: ready command=29
talos> exec /bin/zero &
talos: exec path=/bin/zero source=vfs-open-read mode=background
talos: exec-source bytes=0x0000000000000204 digest=0x96ee5866736d445b
talos: exec-loader fixture=phase8-program-loader-elf64-aarch64-v1 entry=0x0000000000010100 segments=0x0000000000000002
talos: exec-launch launch-boundary=phase8-initial-process-launch-plan-v1 stack-boundary=phase8-initial-user-stack-plan-v1 address-space=0x0000000000100001 materialization=0x0000000830100001 initial-sp=0x00007fffffffffd0
talos: exec-descriptors owner=0x0000000000000001 inherited-count=0x0000000000000003 fd0=stdio-input fd1=stdio-output fd2=stdio-output loader-temp-fd=0x0000000000000003 loader-temp-open=false source=shell-process-descriptor-table
talos: exec-startup-abi state=minimal-argc1-argv0-absolute-empty-envp argc=0x0000000000000001 argv0=/bin/zero argv0-ptr=0x00007ffffffffff0 argv-null=false envp-null=true envp-state=empty-envp0 envp-entries=0x0000000000000000 envp0-ptr=0x00007fffffffffe8 copied-startup-bytes=0x000000000000002a source=initial-user-stack-record
talos: background-job id=0x0000000000000002 pid=0x0000000000100002 command=/bin/zero state=running reaped=false status=pending shell-responsive=true source=background-vfs-exec-accounting
talos: background-signal lower-aarch64-svc-launch-boundary-equivalent

qemu-local-shell-waitpid: line command=29 hex=65 78 65 63 20 2f 62 69 6e 2f 7a 65 72 6f 20 26
qemu-local-shell-waitpid: dispatch command=29 status=handled responses=8 raw-bytes=17 backspaces=0 deletes=0 truncated=false controls=0
qemu-local-shell-waitpid: ready command=30
talos> waitpid 0x100002
talos: background-job id=0x0000000000000002 pid=0x0000000000100002 command=/bin/zero state=completed status=0x0000000000000000 observed-status=0x0000000000000000 reaped=true shell-responsive=observed source=background-vfs-exec-accounting
talos: waitpid pid=0x0000000000100002 parent=shell owner=0x0000000000000001 path=/bin/zero state=exited status=0x0000000000000000 observed-status=0x0000000000000000 reaped=true source=background-job-lifecycle-record

qemu-local-shell-waitpid: line command=30 hex=77 61 69 74 70 69 64 20 30 78 31 30 30 30 30 32
qemu-local-shell-waitpid: dispatch command=30 status=handled responses=2 raw-bytes=17 backspaces=0 deletes=0 truncated=false controls=0
qemu-local-shell-waitpid: ready command=31
talos> waitpid 0x100002
talos: waitpid no-child pid=0x0000000000100002 source=explicit-pid-lifecycle-record

qemu-local-shell-waitpid: line command=31 hex=77 61 69 74 70 69 64 20 30 78 31 30 30 30 30 32
qemu-local-shell-waitpid: dispatch command=31 status=handled responses=1 raw-bytes=17 backspaces=0 deletes=0 truncated=false controls=0
qemu-local-shell-waitpid: ready command=32
talos> jobs
talos: jobs none source=background-vfs-exec-accounting

qemu-local-shell-waitpid: line command=32 hex=6a 6f 62 73
qemu-local-shell-waitpid: dispatch command=32 status=handled responses=1 raw-bytes=5 backspaces=0 deletes=0 truncated=false controls=0
talos>
qemu-local-shell-waitpid: ready-for-next prompt=true
qemu-local-shell-waitpid: final participants=33 expected=33 errors=0 classification=qemu-local-shell-waitpid-complete
qemu-local-shell-waitpid: PASS
