
Talos 0.1.0 booting on talos-aarch64-virt
boot-info: dtb_pa=0x0000000048000000 core=0 el=2 target=talos-aarch64-virt
target-services: uart=pl011 timer=arm-generic irq=gic-v2 dtb=Some(
    0x0000000048000000,
)
mmio-regions: 3
qemu-local-shell-vfs-exec: start command-count=7 backend=runtime-console0/qemu-virt-pl011 input=fd0/runtime-console0/tty-canonical-lite builtins=kernel-backed-regression-control+vfs-syscall-cat+vfs-userspace-exec-boundary descriptor-backed-input=true descriptor-backed-output=true
qemu-local-shell-vfs-exec: ready command=0
talos> help
talos: ok help
talos: commands help status stdio pwd echo ls cat cd exec
talos: echo forms echo hello; echo local serial works
talos: editing backspace delete ctrl-c ctrl-u

qemu-local-shell-vfs-exec: line command=0 hex=68 65 6c 70
qemu-local-shell-vfs-exec: dispatch command=0 status=handled responses=4 raw-bytes=5 backspaces=0 deletes=0 truncated=false controls=0
qemu-local-shell-vfs-exec: ready command=1
talos> status
talos: ok status
talos: version phase10.1-kernel-builtins-v1
talos: runtime-console runtime-console0
talos: builtins kernel-backed-regression-control+vfs-syscall-cat+vfs-userspace-exec-boundary
talos: commands help status stdio pwd echo ls cat cd exec

qemu-local-shell-vfs-exec: line command=1 hex=73 74 61 74 75 73
qemu-local-shell-vfs-exec: dispatch command=1 status=handled responses=5 raw-bytes=7 backspaces=0 deletes=0 truncated=false controls=0
qemu-local-shell-vfs-exec: ready command=2
talos> stdio
talos: ok stdio
talos: fd 0 stdio-input
talos: fd 1 stdio-output
talos: fd 2 stdio-output
talos: runtime-console runtime-console0
talos: descriptor-backed-input=true
talos: descriptor-backed-output=true

qemu-local-shell-vfs-exec: line command=2 hex=73 74 64 69 6f
qemu-local-shell-vfs-exec: dispatch command=2 status=handled responses=7 raw-bytes=6 backspaces=0 deletes=0 truncated=false controls=0
qemu-local-shell-vfs-exec: ready command=3
talos> exec /bin/init
talos: exec path=/bin/init source=vfs-open-read
talos: exec-source bytes=0x0000000000000204 digest=0xf4a6cc15f4d94461
talos: exec-loader fixture=phase8-program-loader-elf64-aarch64-v1 entry=0x0000000000010100 segments=0x0000000000000002
talos: exec-launch launch-boundary=phase8-initial-process-launch-plan-v1 stack-boundary=phase8-initial-user-stack-plan-v1 address-space=0x0000000000100001 materialization=0x0000000830100001 initial-sp=0x0000800000000000
talos: exec-signal lower-aarch64-svc-launch-boundary-equivalent

qemu-local-shell-vfs-exec: line command=3 hex=65 78 65 63 20 2f 62 69 6e 2f 69 6e 69 74
qemu-local-shell-vfs-exec: dispatch command=3 status=handled responses=5 raw-bytes=15 backspaces=0 deletes=0 truncated=false controls=0
qemu-local-shell-vfs-exec: ready command=4
talos> exec /missing
talos: exec-not-found

qemu-local-shell-vfs-exec: line command=4 hex=65 78 65 63 20 2f 6d 69 73 73 69 6e 67
qemu-local-shell-vfs-exec: dispatch command=4 status=unexpected-argument responses=1 raw-bytes=14 backspaces=0 deletes=0 truncated=false controls=0
qemu-local-shell-vfs-exec: ready command=5
talos> exec /etc/banner.txt
talos: exec-not-executable

qemu-local-shell-vfs-exec: line command=5 hex=65 78 65 63 20 2f 65 74 63 2f 62 61 6e 6e 65 72 2e 74 78 74
qemu-local-shell-vfs-exec: dispatch command=5 status=unexpected-argument responses=1 raw-bytes=21 backspaces=0 deletes=0 truncated=false controls=0
qemu-local-shell-vfs-exec: ready command=6
talos> cat /etc/banner.txt
Talos initramfs fixture

qemu-local-shell-vfs-exec: line command=6 hex=63 61 74 20 2f 65 74 63 2f 62 61 6e 6e 65 72 2e 74 78 74
qemu-local-shell-vfs-exec: dispatch command=6 status=handled responses=1 raw-bytes=20 backspaces=0 deletes=0 truncated=false controls=0
talos>
qemu-local-shell-vfs-exec: ready-for-next prompt=true
qemu-local-shell-vfs-exec: final participants=7 expected=7 errors=0 classification=qemu-local-shell-vfs-exec-complete
qemu-local-shell-vfs-exec: PASS
