
Talos 0.1.0 booting on talos-aarch64-virt
boot-info: dtb_pa=0x0000000048000000 core=0 el=2 target=talos-aarch64-virt
target-services: uart=pl011 timer=arm-generic irq=gic-v2 dtb=Some(
    0x0000000048000000,
)
mmio-regions: 3
qemu-local-shell-generated-userland-manifest: generated-root-selection source=compiled-fallback reason=digest-mismatch digest=0x683ab092c3101887 total-len=0x0000000000000000 file-len=0x0000000000000026 exec-len=0x0000000000000204
qemu-local-shell-generated-userland-manifest: start command-count=15 backend=runtime-console0/qemu-virt-pl011 input=fd0/runtime-console0/tty-canonical-lite builtins=kernel-backed-regression-control+vfs-syscall-cat+vfs-userspace-exec-boundary+lifecycle-laststatus+waitpid-lifecycle-observation+standard-descriptor-inheritance+userspace-stdout-through-inherited-fd1+userspace-stdin-through-inherited-fd0+userspace-stderr-through-inherited-fd2+descriptor-dup-redirection-1-to-2+descriptor-dup-redirection-2-to-1+descriptor-close-redirection-1+descriptor-close-redirection-2+minimal-stdout-to-stdin-pipeline+stdout-only-pipeline-stderr-not-piped+pipeline-stderr-dup-to-stdout+pipeline-stdout-redirect-away+stdout-dev-null-redirection+stderr-dev-null-redirection+stdin-dev-null-redirection+readonly-regular-file-stdin-redirection+volatile-stdout-regular-file-redirection+volatile-stderr-regular-file-redirection+explicit-fd1-regular-file-redirection+stdout-arbitrary-tmp-output-redirection+stderr-arbitrary-tmp-output-redirection+combined-stdin-stdout-redirection+pipeline-consumer-output-redirection+pipeline-producer-file-redirection-away+background-vfs-exec-lifecycle+jobs-accounting-list+multiple-background-vfs-exec-records+background-jobs-stale-entry-policy+generated-root-manifest-read+generated-root-executable-vfs-exec descriptor-backed-input=true descriptor-backed-output=true
qemu-local-shell-generated-userland-manifest: ready command=0
talos> help
talos: ok help
talos: commands help status stdio pwd echo ls cat cd exec laststatus waitpid jobs
talos: echo forms echo hello; echo local serial works
talos: editing backspace delete ctrl-c ctrl-u

qemu-local-shell-generated-userland-manifest: line command=0 hex=68 65 6c 70
qemu-local-shell-generated-userland-manifest: dispatch command=0 status=handled responses=4 raw-bytes=5 backspaces=0 deletes=0 truncated=false controls=0
qemu-local-shell-generated-userland-manifest: ready command=1
talos> status
talos: ok status
talos: version phase10.2-kernel-builtins-v2
talos: runtime-console runtime-console0
talos: builtins kernel-backed-regression-control+vfs-syscall-cat+vfs-userspace-exec-boundary+lifecycle-laststatus+waitpid-lifecycle-observation+standard-descriptor-inheritance+userspace-stdout-through-inherited-fd1+userspace-stdin-through-inherited-fd0+userspace-stderr-through-inherited-fd2+descriptor-dup-redirection-1-to-2+descriptor-dup-redirection-2-to-1+descriptor-close-redirection-1+descriptor-close-redirection-2+minimal-stdout-to-stdin-pipeline+stdout-only-pipeline-stderr-not-piped+pipeline-stderr-dup-to-stdout+pipeline-stdout-redirect-away+stdout-dev-null-redirection+stderr-dev-null-redirection+stdin-dev-null-redirection+readonly-regular-file-stdin-redirection+volatile-stdout-regular-file-redirection+volatile-stderr-regular-file-redirection+explicit-fd1-regular-file-redirection+stdout-arbitrary-tmp-output-redirection+stderr-arbitrary-tmp-output-redirection+combined-stdin-stdout-redirection+pipeline-consumer-output-redirection+pipeline-producer-file-redirection-away+background-vfs-exec-lifecycle+jobs-accounting-list+multiple-background-vfs-exec-records+background-jobs-stale-entry-policy+generated-root-manifest-read+generated-root-executable-vfs-exec
talos: commands help status stdio pwd echo ls cat cd exec laststatus waitpid jobs

qemu-local-shell-generated-userland-manifest: line command=1 hex=73 74 61 74 75 73
qemu-local-shell-generated-userland-manifest: dispatch command=1 status=handled responses=5 raw-bytes=7 backspaces=0 deletes=0 truncated=false controls=0
qemu-local-shell-generated-userland-manifest: ready command=2
talos> stdio
talos: ok stdio
talos: fd 0 stdio-input
talos: fd 1 stdio-output
talos: fd 2 stdio-output
talos: runtime-console runtime-console0
talos: descriptor-backed-input=true
talos: descriptor-backed-output=true

qemu-local-shell-generated-userland-manifest: line command=2 hex=73 74 64 69 6f
qemu-local-shell-generated-userland-manifest: dispatch command=2 status=handled responses=7 raw-bytes=6 backspaces=0 deletes=0 truncated=false controls=0
qemu-local-shell-generated-userland-manifest: ready command=3
talos> cat /generated/manifest.txt
Talos generated-root manifest fixture

qemu-local-shell-generated-userland-manifest: line command=3 hex=63 61 74 20 2f 67 65 6e 65 72 61 74 65 64 2f 6d 61 6e 69 66 65 73 74 2e 74 78 74
qemu-local-shell-generated-userland-manifest: dispatch command=3 status=handled responses=1 raw-bytes=28 backspaces=0 deletes=0 truncated=false controls=0
qemu-local-shell-generated-userland-manifest: ready command=4
talos> ls /
bin
dir
empty
etc
generated

qemu-local-shell-generated-userland-manifest: line command=4 hex=6c 73 20 2f
qemu-local-shell-generated-userland-manifest: dispatch command=4 status=handled responses=5 raw-bytes=5 backspaces=0 deletes=0 truncated=false controls=0
qemu-local-shell-generated-userland-manifest: ready command=5
talos> cat /etc/banner.txt
Talos initramfs fixture

qemu-local-shell-generated-userland-manifest: line command=5 hex=63 61 74 20 2f 65 74 63 2f 62 61 6e 6e 65 72 2e 74 78 74
qemu-local-shell-generated-userland-manifest: dispatch command=5 status=handled responses=1 raw-bytes=20 backspaces=0 deletes=0 truncated=false controls=0
qemu-local-shell-generated-userland-manifest: ready command=6
talos> exec /generated/status7 alpha
talos: exec path=/generated/status7 source=vfs-open-read
talos: exec-source bytes=0x0000000000000204 digest=0x1d3ea98234b2b3fb
talos: exec-loader fixture=phase8-program-loader-elf64-aarch64-v1 entry=0x0000000000010100 segments=0x0000000000000002
talos: exec-launch launch-boundary=phase8-initial-process-launch-plan-v1 stack-boundary=phase8-initial-user-stack-plan-v1 address-space=0x0000000000100001 materialization=0x0000000830100001 initial-sp=0x00007fffffffffb0
talos: exec-descriptors owner=0x0000000000000001 inherited-count=0x0000000000000003 fd0=stdio-input fd1=stdio-output fd2=stdio-output loader-temp-fd=0x0000000000000003 loader-temp-open=false source=shell-process-descriptor-table
talos: exec-startup-abi state=literal-argv-absolute-empty-envp argc=0x0000000000000002 argv0=/generated/status7 argv1=alpha argv0-ptr=0x00007fffffffffd8 argv-null=false envp-null=true envp-state=empty-envp0 envp-entries=0x0000000000000000 envp0-ptr=0x00007fffffffffd0 copied-startup-bytes=0x0000000000000041 source=initial-user-stack-record
talos: exec-lifecycle pid=0x0000000000100001 parent=shell owner=0x0000000000000001 path=/generated/status7 state=exited status=0x0000000000000007 observed-status=0x0000000000000007 reaped=true
talos: exec-status boundary=lower-aarch64-svc-status-equivalent marker=0x0000000000007a10 status=0x0000000000000007 complete=true source=lifecycle-record
talos: exec-signal lower-aarch64-svc-launch-boundary-equivalent

qemu-local-shell-generated-userland-manifest: line command=6 hex=65 78 65 63 20 2f 67 65 6e 65 72 61 74 65 64 2f 73 74 61 74 75 73 37 20 61 6c 70 68 61
qemu-local-shell-generated-userland-manifest: dispatch command=6 status=handled responses=9 raw-bytes=30 backspaces=0 deletes=0 truncated=false controls=0
qemu-local-shell-generated-userland-manifest: ready command=7
talos> waitpid
talos: waitpid pid=0x0000000000100001 parent=shell owner=0x0000000000000001 path=/generated/status7 state=exited status=0x0000000000000007 observed-status=0x0000000000000007 reaped=true source=lifecycle-record

qemu-local-shell-generated-userland-manifest: line command=7 hex=77 61 69 74 70 69 64
qemu-local-shell-generated-userland-manifest: dispatch command=7 status=handled responses=1 raw-bytes=8 backspaces=0 deletes=0 truncated=false controls=0
qemu-local-shell-generated-userland-manifest: ready command=8
talos> laststatus
talos: last-process pid=0x0000000000100001 parent=shell owner=0x0000000000000001 path=/generated/status7 state=exited status=0x0000000000000007 observed-status=0x0000000000000007 reaped=true source=lifecycle-record

qemu-local-shell-generated-userland-manifest: line command=8 hex=6c 61 73 74 73 74 61 74 75 73
qemu-local-shell-generated-userland-manifest: dispatch command=8 status=handled responses=1 raw-bytes=11 backspaces=0 deletes=0 truncated=false controls=0
qemu-local-shell-generated-userland-manifest: ready command=9
talos> exec /bin/status42
talos: exec path=/bin/status42 source=vfs-open-read
talos: exec-source bytes=0x0000000000000204 digest=0xfcf2aa9a18924de0
talos: exec-loader fixture=phase8-program-loader-elf64-aarch64-v1 entry=0x0000000000010100 segments=0x0000000000000002
talos: exec-launch launch-boundary=phase8-initial-process-launch-plan-v1 stack-boundary=phase8-initial-user-stack-plan-v1 address-space=0x0000000000100001 materialization=0x0000000830100001 initial-sp=0x00007fffffffffd0
talos: exec-descriptors owner=0x0000000000000001 inherited-count=0x0000000000000003 fd0=stdio-input fd1=stdio-output fd2=stdio-output loader-temp-fd=0x0000000000000003 loader-temp-open=false source=shell-process-descriptor-table
talos: exec-startup-abi state=minimal-argc1-argv0-absolute-empty-envp argc=0x0000000000000001 argv0=/bin/status42 argv0-ptr=0x00007ffffffffff0 argv-null=false envp-null=true envp-state=empty-envp0 envp-entries=0x0000000000000000 envp0-ptr=0x00007fffffffffe8 copied-startup-bytes=0x000000000000002e source=initial-user-stack-record
talos: exec-lifecycle pid=0x0000000000100001 parent=shell owner=0x0000000000000001 path=/bin/status42 state=exited status=0x000000000000002a observed-status=0x000000000000002a reaped=true
talos: exec-status boundary=lower-aarch64-svc-status-equivalent marker=0x0000000000007a10 status=0x000000000000002a complete=true source=lifecycle-record
talos: exec-signal lower-aarch64-svc-launch-boundary-equivalent

qemu-local-shell-generated-userland-manifest: line command=9 hex=65 78 65 63 20 2f 62 69 6e 2f 73 74 61 74 75 73 34 32
qemu-local-shell-generated-userland-manifest: dispatch command=9 status=handled responses=9 raw-bytes=19 backspaces=0 deletes=0 truncated=false controls=0
qemu-local-shell-generated-userland-manifest: ready command=10
talos> waitpid
talos: waitpid pid=0x0000000000100001 parent=shell owner=0x0000000000000001 path=/bin/status42 state=exited status=0x000000000000002a observed-status=0x000000000000002a reaped=true source=lifecycle-record

qemu-local-shell-generated-userland-manifest: line command=10 hex=77 61 69 74 70 69 64
qemu-local-shell-generated-userland-manifest: dispatch command=10 status=handled responses=1 raw-bytes=8 backspaces=0 deletes=0 truncated=false controls=0
qemu-local-shell-generated-userland-manifest: ready command=11
talos> laststatus
talos: last-process pid=0x0000000000100001 parent=shell owner=0x0000000000000001 path=/bin/status42 state=exited status=0x000000000000002a observed-status=0x000000000000002a reaped=true source=lifecycle-record

qemu-local-shell-generated-userland-manifest: line command=11 hex=6c 61 73 74 73 74 61 74 75 73
qemu-local-shell-generated-userland-manifest: dispatch command=11 status=handled responses=1 raw-bytes=11 backspaces=0 deletes=0 truncated=false controls=0
qemu-local-shell-generated-userland-manifest: ready command=12
talos> exec stdout | exec stdin
Talos userspace stdin fixture read: Talos userspace stdout fixture

talos: pipeline id=0x0000000000000001 producer-fd=0x0000000000000001 producer-path=/bin/stdout consumer-fd=0x0000000000000000 consumer-path=/bin/stdin bytes-written=0x000000000000001f bytes-read=0x000000000000001f writer-closed=true reader-eof=true shell-restored=true source=shell-pipe-stdout-to-stdin
talos: exec path=/bin/stdout source=vfs-open-read
talos: exec-source bytes=0x0000000000000204 digest=0x96ee5866736d445b
talos: exec-loader fixture=phase8-program-loader-elf64-aarch64-v1 entry=0x0000000000010100 segments=0x0000000000000002
talos: exec-launch launch-boundary=phase8-initial-process-launch-plan-v1 stack-boundary=phase8-initial-user-stack-plan-v1 address-space=0x0000000000100001 materialization=0x0000000830100001 initial-sp=0x00007fffffffffd0
talos: exec-descriptors owner=0x0000000000000001 inherited-count=0x0000000000000003 fd0=stdio-input fd1=pipe-endpoint fd2=stdio-output loader-temp-fd=0x0000000000000003 loader-temp-open=false source=shell-process-descriptor-table
talos: exec-startup-abi state=minimal-argc1-argv0-absolute-empty-envp argc=0x0000000000000001 argv0=/bin/stdout argv0-ptr=0x00007ffffffffff0 argv-null=false envp-null=true envp-state=empty-envp0 envp-entries=0x0000000000000000 envp0-ptr=0x00007fffffffffe8 copied-startup-bytes=0x000000000000002c source=initial-user-stack-record
talos: exec-stdout fd=0x0000000000000001 bytes=0x000000000000001f return=0x000000000000001f stream=pipe-writer route=pipe:stdout-to-stdin source=userspace-talos-write
talos: exec-lifecycle pid=0x0000000000100001 parent=shell owner=0x0000000000000001 path=/bin/stdout state=exited status=0x0000000000000000 observed-status=0x0000000000000000 reaped=true
talos: exec-status boundary=lower-aarch64-svc-status-equivalent marker=0x0000000000007a10 status=0x0000000000000000 complete=true source=lifecycle-record
talos: exec-signal lower-aarch64-svc-launch-boundary-equivalent
talos: exec path=/bin/stdin source=vfs-open-read
talos: exec-source bytes=0x0000000000000204 digest=0x96ee5866736d445b
talos: exec-loader fixture=phase8-program-loader-elf64-aarch64-v1 entry=0x0000000000010100 segments=0x0000000000000002
talos: exec-launch launch-boundary=phase8-initial-process-launch-plan-v1 stack-boundary=phase8-initial-user-stack-plan-v1 address-space=0x0000000000100001 materialization=0x0000000830100001 initial-sp=0x00007fffffffffd0
talos: exec-descriptors owner=0x0000000000000001 inherited-count=0x0000000000000003 fd0=pipe-endpoint fd1=stdio-output fd2=stdio-output loader-temp-fd=0x0000000000000003 loader-temp-open=false source=shell-process-descriptor-table
talos: exec-startup-abi state=minimal-argc1-argv0-absolute-empty-envp argc=0x0000000000000001 argv0=/bin/stdin argv0-ptr=0x00007ffffffffff0 argv-null=false envp-null=true envp-state=empty-envp0 envp-entries=0x0000000000000000 envp0-ptr=0x00007fffffffffe8 copied-startup-bytes=0x000000000000002b source=initial-user-stack-record
talos: exec-stdin fd=0x0000000000000000 bytes=0x000000000000001f return=0x000000000000001f read-source=pipe:stdout-to-stdin stdout-fd=0x0000000000000001 stdout-bytes=0x0000000000000044 stdout-return=0x0000000000000044 source=userspace-talos-read+userspace-talos-write read-result=pipe-eof-after-writer-close
talos: exec-lifecycle pid=0x0000000000100001 parent=shell owner=0x0000000000000001 path=/bin/stdin state=exited status=0x0000000000000000 observed-status=0x0000000000000000 reaped=true
talos: exec-status boundary=lower-aarch64-svc-status-equivalent marker=0x0000000000007a10 status=0x0000000000000000 complete=true source=lifecycle-record
talos: exec-signal lower-aarch64-svc-launch-boundary-equivalent

qemu-local-shell-generated-userland-manifest: line command=12 hex=65 78 65 63 20 73 74 64 6f 75 74 20 7c 20 65 78 65 63 20 73 74 64 69 6e
qemu-local-shell-generated-userland-manifest: dispatch command=12 status=handled responses=21 raw-bytes=25 backspaces=0 deletes=0 truncated=false controls=0
qemu-local-shell-generated-userland-manifest: ready command=13
talos> jobs
talos: jobs none source=background-vfs-exec-accounting

qemu-local-shell-generated-userland-manifest: line command=13 hex=6a 6f 62 73
qemu-local-shell-generated-userland-manifest: dispatch command=13 status=handled responses=1 raw-bytes=5 backspaces=0 deletes=0 truncated=false controls=0
qemu-local-shell-generated-userland-manifest: ready command=14
talos> rootinfo
talos: generated-root source=compiled-fallback reason=digest-mismatch digest=0x683ab092c3101887 total-len=0x0000000000000000 file-len=0x0000000000000026 exec-len=0x0000000000000204 path=/generated/manifest.txt exec-path=/generated/status7

qemu-local-shell-generated-userland-manifest: line command=14 hex=72 6f 6f 74 69 6e 66 6f
qemu-local-shell-generated-userland-manifest: dispatch command=14 status=handled responses=1 raw-bytes=9 backspaces=0 deletes=0 truncated=false controls=0
talos>
qemu-local-shell-generated-userland-manifest: ready-for-next prompt=true
qemu-local-shell-generated-userland-manifest: final participants=15 expected=15 errors=0 classification=qemu-local-shell-generated-userland-manifest-complete
qemu-local-shell-generated-userland-manifest: PASS
qemu-local-shell-generated-userland-manifest: generated-root identity=phase10-generated-root-manifest-v1 source=userland/generated-root.manifest digest=sha256:a4ee55e33293077013f9eb63e40f90abc6ac2d823bfac3d815553679cd62494d
qemu-local-shell-generated-userland-manifest: generated-root hardcoded-src-initramfs-constant=false path=src/initramfs.rs
qemu-local-shell-generated-userland-manifest: generated-root executable-hardcoded-src-initramfs-constant=false path=src/initramfs.rs
