
Talos 0.1.0 booting on talos-aarch64-virt
boot-info: dtb_pa=0x0000000048000000 core=0 el=2 target=talos-aarch64-virt
target-services: uart=pl011 timer=arm-generic irq=gic-v2 dtb=Some(
    0x0000000048000000,
)
mmio-regions: 3
qemu-local-shell-pipeline-consumer-output-redirection: start command-count=11 backend=runtime-console0/qemu-virt-pl011 input=fd0/runtime-console0/tty-canonical-lite builtins=kernel-backed-regression-control+vfs-syscall-cat+vfs-userspace-exec-boundary+lifecycle-laststatus+waitpid-lifecycle-observation+standard-descriptor-inheritance+userspace-stdout-through-inherited-fd1+userspace-stdin-through-inherited-fd0+userspace-stderr-through-inherited-fd2+descriptor-dup-redirection-1-to-2+descriptor-dup-redirection-2-to-1+descriptor-close-redirection-1+descriptor-close-redirection-2+minimal-stdout-to-stdin-pipeline+stdout-only-pipeline-stderr-not-piped+pipeline-stderr-dup-to-stdout+pipeline-stdout-redirect-away+stdout-dev-null-redirection+stderr-dev-null-redirection+stdin-dev-null-redirection+readonly-regular-file-stdin-redirection+volatile-stdout-regular-file-redirection+volatile-stderr-regular-file-redirection+explicit-fd1-regular-file-redirection+stdout-arbitrary-tmp-output-redirection+stderr-arbitrary-tmp-output-redirection+combined-stdin-stdout-redirection+pipeline-consumer-output-redirection descriptor-backed-input=true descriptor-backed-output=true
qemu-local-shell-pipeline-consumer-output-redirection: ready command=0
talos> help
talos: ok help
talos: commands help status stdio pwd echo ls cat cd exec laststatus waitpid
talos: echo forms echo hello; echo local serial works
talos: editing backspace delete ctrl-c ctrl-u

qemu-local-shell-pipeline-consumer-output-redirection: line command=0 hex=68 65 6c 70
qemu-local-shell-pipeline-consumer-output-redirection: dispatch command=0 status=handled responses=4 raw-bytes=5 backspaces=0 deletes=0 truncated=false controls=0
qemu-local-shell-pipeline-consumer-output-redirection: ready command=1
talos> status
talos: ok status
talos: version phase10.2-kernel-builtins-v1
talos: runtime-console runtime-console0
talos: builtins kernel-backed-regression-control+vfs-syscall-cat+vfs-userspace-exec-boundary+lifecycle-laststatus+waitpid-lifecycle-observation+standard-descriptor-inheritance+userspace-stdout-through-inherited-fd1+userspace-stdin-through-inherited-fd0+userspace-stderr-through-inherited-fd2+descriptor-dup-redirection-1-to-2+descriptor-dup-redirection-2-to-1+descriptor-close-redirection-1+descriptor-close-redirection-2+minimal-stdout-to-stdin-pipeline+stdout-only-pipeline-stderr-not-piped+pipeline-stderr-dup-to-stdout+pipeline-stdout-redirect-away+stdout-dev-null-redirection+stderr-dev-null-redirection+stdin-dev-null-redirection+readonly-regular-file-stdin-redirection+volatile-stdout-regular-file-redirection+volatile-stderr-regular-file-redirection+explicit-fd1-regular-file-redirection+stdout-arbitrary-tmp-output-redirection+stderr-arbitrary-tmp-output-redirection+combined-stdin-stdout-redirection+pipeline-consumer-output-redirection
talos: commands help status stdio pwd echo ls cat cd exec laststatus waitpid

qemu-local-shell-pipeline-consumer-output-redirection: line command=1 hex=73 74 61 74 75 73
qemu-local-shell-pipeline-consumer-output-redirection: dispatch command=1 status=handled responses=5 raw-bytes=7 backspaces=0 deletes=0 truncated=false controls=0
qemu-local-shell-pipeline-consumer-output-redirection: ready command=2
talos> stdio
talos: ok stdio
talos: fd 0 stdio-input
talos: fd 1 stdio-output
talos: fd 2 stdio-output
talos: runtime-console runtime-console0
talos: descriptor-backed-input=true
talos: descriptor-backed-output=true

qemu-local-shell-pipeline-consumer-output-redirection: line command=2 hex=73 74 64 69 6f
qemu-local-shell-pipeline-consumer-output-redirection: dispatch command=2 status=handled responses=7 raw-bytes=6 backspaces=0 deletes=0 truncated=false controls=0
qemu-local-shell-pipeline-consumer-output-redirection: ready command=3
talos> exec stdout | exec stdin >/tmp/pipe-consumer.txt
talos: pipeline id=0x0000000000000001 producer-fd=0x0000000000000001 producer-path=/bin/stdout consumer-fd=0x0000000000000000 consumer-path=/bin/stdin bytes-written=0x000000000000001f bytes-read=0x000000000000001f writer-closed=true reader-eof=true shell-restored=true source=shell-pipe-consumer-stdout-redirection
talos: exec path=/bin/stdout source=vfs-open-read
talos: exec-source bytes=0x0000000000000204 digest=0x96ee5866736d445b
talos: exec-loader fixture=phase8-program-loader-elf64-aarch64-v1 entry=0x0000000000010100 segments=0x0000000000000002
talos: exec-launch launch-boundary=phase8-initial-process-launch-plan-v1 stack-boundary=phase8-initial-user-stack-plan-v1 address-space=0x0000000000100001 materialization=0x0000000830100001 initial-sp=0x00007fffffffffd0
talos: exec-descriptors owner=0x0000000000000001 inherited-count=0x0000000000000003 fd0=stdio-input fd1=pipe-endpoint fd2=stdio-output loader-temp-fd=0x0000000000000003 loader-temp-open=false source=shell-process-descriptor-table
talos: exec-startup-abi state=minimal-argc1-argv0-absolute-empty-envp argc=0x0000000000000001 argv0=/bin/stdout argv0-ptr=0x00007ffffffffff0 argv-null=false envp-null=true envp-state=empty-envp0 envp-entries=0x0000000000000000 envp0-ptr=0x00007fffffffffe8 copied-startup-bytes=0x000000000000002c source=initial-user-stack-record
talos: exec-stdout fd=0x0000000000000001 bytes=0x000000000000001f return=0x000000000000001f stream=pipe-writer route=pipe:stdout-to-stdin source=userspace-talos-write
talos: exec-lifecycle pid=0x0000000000100001 parent=shell owner=0x0000000000000001 path=/bin/stdout state=exited status=0x0000000000000000 observed-status=0x0000000000000000 reaped=true
talos: exec-status boundary=lower-aarch64-svc-status-equivalent marker=0x0000000000007a10 status=0x0000000000000000 complete=true source=lifecycle-record
talos: exec-signal lower-aarch64-svc-launch-boundary-equivalent
talos: exec path=/bin/stdin source=vfs-open-read
talos: exec-source bytes=0x0000000000000204 digest=0x96ee5866736d445b
talos: exec-loader fixture=phase8-program-loader-elf64-aarch64-v1 entry=0x0000000000010100 segments=0x0000000000000002
talos: exec-launch launch-boundary=phase8-initial-process-launch-plan-v1 stack-boundary=phase8-initial-user-stack-plan-v1 address-space=0x0000000000100001 materialization=0x0000000830100001 initial-sp=0x00007fffffffffd0
talos: exec-descriptors owner=0x0000000000000001 inherited-count=0x0000000000000003 fd0=pipe-endpoint fd1=regular-file fd2=stdio-output loader-temp-fd=0x0000000000000003 loader-temp-open=false source=shell-process-descriptor-table
talos: exec-startup-abi state=minimal-argc1-argv0-absolute-empty-envp argc=0x0000000000000001 argv0=/bin/stdin argv0-ptr=0x00007ffffffffff0 argv-null=false envp-null=true envp-state=empty-envp0 envp-entries=0x0000000000000000 envp0-ptr=0x00007fffffffffe8 copied-startup-bytes=0x000000000000002b source=initial-user-stack-record
talos: exec-redirection op=sink source-fd=0x0000000000000001 target-path=/tmp/pipe-consumer.txt target-stream=regular-file target-route=volatile-vfs:/tmp/pipe-consumer.txt child-only=true shell-restored=true source=shell-redirection-stdout-tmp-stdout
talos: exec-stdin fd=0x0000000000000000 bytes=0x000000000000001f return=0x000000000000001f read-source=pipe:stdout-to-stdin stdout-fd=0x0000000000000001 stdout-bytes=0x0000000000000044 stdout-return=0x0000000000000044 source=userspace-talos-read+userspace-talos-write read-result=pipe-eof-after-writer-close
talos: exec-lifecycle pid=0x0000000000100001 parent=shell owner=0x0000000000000001 path=/bin/stdin state=exited status=0x0000000000000000 observed-status=0x0000000000000000 reaped=true
talos: exec-status boundary=lower-aarch64-svc-status-equivalent marker=0x0000000000007a10 status=0x0000000000000000 complete=true source=lifecycle-record
talos: exec-signal lower-aarch64-svc-launch-boundary-equivalent

qemu-local-shell-pipeline-consumer-output-redirection: line command=3 hex=65 78 65 63 20 73 74 64 6f 75 74 20 7c 20 65 78 65 63 20 73 74 64 69 6e 20 3e 2f 74 6d 70 2f 70 69 70 65 2d 63 6f 6e 73 75 6d 65 72 2e 74 78 74
qemu-local-shell-pipeline-consumer-output-redirection: dispatch command=3 status=handled responses=22 raw-bytes=49 backspaces=0 deletes=0 truncated=false controls=0
qemu-local-shell-pipeline-consumer-output-redirection: ready command=4
talos> waitpid
talos: waitpid pid=0x0000000000100001 parent=shell owner=0x0000000000000001 path=/bin/stdin state=exited status=0x0000000000000000 observed-status=0x0000000000000000 reaped=true source=lifecycle-record

qemu-local-shell-pipeline-consumer-output-redirection: line command=4 hex=77 61 69 74 70 69 64
qemu-local-shell-pipeline-consumer-output-redirection: dispatch command=4 status=handled responses=1 raw-bytes=8 backspaces=0 deletes=0 truncated=false controls=0
qemu-local-shell-pipeline-consumer-output-redirection: ready command=5
talos> laststatus
talos: last-process pid=0x0000000000100001 parent=shell owner=0x0000000000000001 path=/bin/stdin state=exited status=0x0000000000000000 observed-status=0x0000000000000000 reaped=true source=lifecycle-record

qemu-local-shell-pipeline-consumer-output-redirection: line command=5 hex=6c 61 73 74 73 74 61 74 75 73
qemu-local-shell-pipeline-consumer-output-redirection: dispatch command=5 status=handled responses=1 raw-bytes=11 backspaces=0 deletes=0 truncated=false controls=0
qemu-local-shell-pipeline-consumer-output-redirection: ready command=6
talos> cat /tmp/pipe-consumer.txt
Talos userspace stdin fixture read: Talos userspace stdout fixture

talos: cat path=/tmp/pipe-consumer.txt bytes=0x0000000000000044 source=volatile-vfs-descriptor-read

qemu-local-shell-pipeline-consumer-output-redirection: line command=6 hex=63 61 74 20 2f 74 6d 70 2f 70 69 70 65 2d 63 6f 6e 73 75 6d 65 72 2e 74 78 74
qemu-local-shell-pipeline-consumer-output-redirection: dispatch command=6 status=handled responses=2 raw-bytes=27 backspaces=0 deletes=0 truncated=false controls=0
qemu-local-shell-pipeline-consumer-output-redirection: ready command=7
talos> exec stdout | exec stdin
Talos userspace stdin fixture read: Talos userspace stdout fixture

talos: pipeline id=0x0000000000000001 producer-fd=0x0000000000000001 producer-path=/bin/stdout consumer-fd=0x0000000000000000 consumer-path=/bin/stdin bytes-written=0x000000000000001f bytes-read=0x000000000000001f writer-closed=true reader-eof=true shell-restored=true source=shell-pipe-stdout-to-stdin
talos: exec path=/bin/stdout source=vfs-open-read
talos: exec-source bytes=0x0000000000000204 digest=0x96ee5866736d445b
talos: exec-loader fixture=phase8-program-loader-elf64-aarch64-v1 entry=0x0000000000010100 segments=0x0000000000000002
talos: exec-launch launch-boundary=phase8-initial-process-launch-plan-v1 stack-boundary=phase8-initial-user-stack-plan-v1 address-space=0x0000000000100001 materialization=0x0000000830100001 initial-sp=0x00007fffffffffd0
talos: exec-descriptors owner=0x0000000000000001 inherited-count=0x0000000000000003 fd0=stdio-input fd1=pipe-endpoint fd2=stdio-output loader-temp-fd=0x0000000000000003 loader-temp-open=false source=shell-process-descriptor-table
talos: exec-startup-abi state=minimal-argc1-argv0-absolute-empty-envp argc=0x0000000000000001 argv0=/bin/stdout argv0-ptr=0x00007ffffffffff0 argv-null=false envp-null=true envp-state=empty-envp0 envp-entries=0x0000000000000000 envp0-ptr=0x00007fffffffffe8 copied-startup-bytes=0x000000000000002c source=initial-user-stack-record
talos: exec-stdout fd=0x0000000000000001 bytes=0x000000000000001f return=0x000000000000001f stream=pipe-writer route=pipe:stdout-to-stdin source=userspace-talos-write
talos: exec-lifecycle pid=0x0000000000100001 parent=shell owner=0x0000000000000001 path=/bin/stdout state=exited status=0x0000000000000000 observed-status=0x0000000000000000 reaped=true
talos: exec-status boundary=lower-aarch64-svc-status-equivalent marker=0x0000000000007a10 status=0x0000000000000000 complete=true source=lifecycle-record
talos: exec-signal lower-aarch64-svc-launch-boundary-equivalent
talos: exec path=/bin/stdin source=vfs-open-read
talos: exec-source bytes=0x0000000000000204 digest=0x96ee5866736d445b
talos: exec-loader fixture=phase8-program-loader-elf64-aarch64-v1 entry=0x0000000000010100 segments=0x0000000000000002
talos: exec-launch launch-boundary=phase8-initial-process-launch-plan-v1 stack-boundary=phase8-initial-user-stack-plan-v1 address-space=0x0000000000100001 materialization=0x0000000830100001 initial-sp=0x00007fffffffffd0
talos: exec-descriptors owner=0x0000000000000001 inherited-count=0x0000000000000003 fd0=pipe-endpoint fd1=stdio-output fd2=stdio-output loader-temp-fd=0x0000000000000003 loader-temp-open=false source=shell-process-descriptor-table
talos: exec-startup-abi state=minimal-argc1-argv0-absolute-empty-envp argc=0x0000000000000001 argv0=/bin/stdin argv0-ptr=0x00007ffffffffff0 argv-null=false envp-null=true envp-state=empty-envp0 envp-entries=0x0000000000000000 envp0-ptr=0x00007fffffffffe8 copied-startup-bytes=0x000000000000002b source=initial-user-stack-record
talos: exec-stdin fd=0x0000000000000000 bytes=0x000000000000001f return=0x000000000000001f read-source=pipe:stdout-to-stdin stdout-fd=0x0000000000000001 stdout-bytes=0x0000000000000044 stdout-return=0x0000000000000044 source=userspace-talos-read+userspace-talos-write read-result=pipe-eof-after-writer-close
talos: exec-lifecycle pid=0x0000000000100001 parent=shell owner=0x0000000000000001 path=/bin/stdin state=exited status=0x0000000000000000 observed-status=0x0000000000000000 reaped=true
talos: exec-status boundary=lower-aarch64-svc-status-equivalent marker=0x0000000000007a10 status=0x0000000000000000 complete=true source=lifecycle-record
talos: exec-signal lower-aarch64-svc-launch-boundary-equivalent

qemu-local-shell-pipeline-consumer-output-redirection: line command=7 hex=65 78 65 63 20 73 74 64 6f 75 74 20 7c 20 65 78 65 63 20 73 74 64 69 6e
qemu-local-shell-pipeline-consumer-output-redirection: dispatch command=7 status=handled responses=21 raw-bytes=25 backspaces=0 deletes=0 truncated=false controls=0
qemu-local-shell-pipeline-consumer-output-redirection: ready command=8
talos> exec stdout | exec stdin >>/tmp/pipe-consumer.txt
talos: exec-invalid-path

qemu-local-shell-pipeline-consumer-output-redirection: line command=8 hex=65 78 65 63 20 73 74 64 6f 75 74 20 7c 20 65 78 65 63 20 73 74 64 69 6e 20 3e 3e 2f 74 6d 70 2f 70 69 70 65 2d 63 6f 6e 73 75 6d 65 72 2e 74 78 74
qemu-local-shell-pipeline-consumer-output-redirection: dispatch command=8 status=unexpected-argument responses=1 raw-bytes=50 backspaces=0 deletes=0 truncated=false controls=0
qemu-local-shell-pipeline-consumer-output-redirection: ready command=9
talos> exec stderr | exec stdin >/tmp/pipe-consumer.txt
talos: exec-invalid-path

qemu-local-shell-pipeline-consumer-output-redirection: line command=9 hex=65 78 65 63 20 73 74 64 65 72 72 20 7c 20 65 78 65 63 20 73 74 64 69 6e 20 3e 2f 74 6d 70 2f 70 69 70 65 2d 63 6f 6e 73 75 6d 65 72 2e 74 78 74
qemu-local-shell-pipeline-consumer-output-redirection: dispatch command=9 status=unexpected-argument responses=1 raw-bytes=49 backspaces=0 deletes=0 truncated=false controls=0
qemu-local-shell-pipeline-consumer-output-redirection: ready command=10
talos> exec stdout >/tmp/src.txt | exec stdin >/tmp/out.txt
talos: exec-invalid-path

qemu-local-shell-pipeline-consumer-output-redirection: line command=10 hex=65 78 65 63 20 73 74 64 6f 75 74 20 3e 2f 74 6d 70 2f 73 72 63 2e 74 78 74 20 7c 20 65 78 65 63 20 73 74 64 69 6e 20 3e 2f 74 6d 70 2f 6f 75 74 2e 74 78 74
qemu-local-shell-pipeline-consumer-output-redirection: dispatch command=10 status=unexpected-argument responses=1 raw-bytes=53 backspaces=0 deletes=0 truncated=false controls=0
talos>
qemu-local-shell-pipeline-consumer-output-redirection: ready-for-next prompt=true
qemu-local-shell-pipeline-consumer-output-redirection: final participants=11 expected=11 errors=0 classification=qemu-local-shell-pipeline-consumer-output-redirection-complete
qemu-local-shell-pipeline-consumer-output-redirection: PASS
