
Talos 0.1.0 booting on talos-aarch64-virt
boot-info: dtb_pa=0x0000000048000000 core=0 el=2 target=talos-aarch64-virt
target-services: uart=pl011 timer=arm-generic irq=gic-v2 dtb=Some(
    0x0000000048000000,
)
mmio-regions: 3
qemu-process-descriptor-stdio-smoke: start
qemu-process-descriptor-stdio-smoke: validated elr=0x0000000000100000 sp=0x0000000000200000 user-data=0x0000000000110000 user-data-len=0x0000000000001000 guard-blocked=true process-owner=0x0000000000000001 current-owner=0x0000000000000001 descriptor-table=process-owned-inherited-stdio runtime-console=runtime-console0
qemu-process-descriptor-stdio-smoke: current-descriptor-table lookup=process-owned owner=0x0000000000000001 resolved=true stdio=inherited runtime-console=runtime-console0
qemu-process-descriptor-stdio-smoke: syscall case=write_stdout vector=lower-aarch64-sync esr=0x0000000054000000 svc=0x0000 number=1 args=[x0=0x0000000000000001 x1=0x0000000000110000 x2=0x0000000000000012 x3=0x0000000000000000 x4=0x0000000000000000 x5=0x0000000000000000] descriptor-owner=0x0000000000000001 return-x0=0x0000000000000012
qemu-process-descriptor-stdio-smoke: runtime-console case=write_stdout device=runtime-console0 bytes=18 hex=74616c6f732d7374646f75742d71656d750a ok=true
qemu-process-descriptor-stdio-smoke: user-observed case=write_stdout x0=0x0000000000000012 ok=true
qemu-process-descriptor-stdio-smoke: syscall case=write_stderr vector=lower-aarch64-sync esr=0x0000000054000000 svc=0x0000 number=1 args=[x0=0x0000000000000002 x1=0x0000000000110040 x2=0x0000000000000012 x3=0x0000000000000000 x4=0x0000000000000000 x5=0x0000000000000000] descriptor-owner=0x0000000000000001 return-x0=0x0000000000000012
qemu-process-descriptor-stdio-smoke: runtime-console case=write_stderr device=runtime-console0 bytes=18 hex=74616c6f732d7374646572722d71656d750a ok=true
qemu-process-descriptor-stdio-smoke: user-observed case=write_stderr x0=0x0000000000000012 ok=true
qemu-process-descriptor-stdio-smoke: syscall case=write_fd0 vector=lower-aarch64-sync esr=0x0000000054000000 svc=0x0000 number=1 return-x0=0xfffffffffffffff7 expected=-EBADF console-unchanged=true
qemu-process-descriptor-stdio-smoke: syscall case=write_badfd vector=lower-aarch64-sync esr=0x0000000054000000 svc=0x0000 number=1 return-x0=0xfffffffffffffff7 expected=-EBADF console-unchanged=true
qemu-process-descriptor-stdio-smoke: syscall case=write_efault vector=lower-aarch64-sync esr=0x0000000054000000 svc=0x0000 number=1 return-x0=0xfffffffffffffff2 expected=-EFAULT console-unchanged=true
qemu-process-descriptor-stdio-smoke: syscall case=write_reserved vector=lower-aarch64-sync esr=0x0000000054000000 svc=0x0000 number=1 return-x0=0xffffffffffffffea expected=-EINVAL console-unchanged=true
qemu-process-descriptor-stdio-smoke: syscall case=talos_nop vector=lower-aarch64-sync esr=0x0000000054000000 svc=0x0000 number=0 return-x0=0x0000000000000000
qemu-process-descriptor-stdio-smoke: syscall case=unknown vector=lower-aarch64-sync esr=0x0000000054000000 svc=0x0000 number=17 return-x0=0xffffffffffffffda expected=-ENOSYS
qemu-process-descriptor-stdio-smoke: syscall case=copy_probe_quarantine vector=lower-aarch64-sync esr=0x0000000054000000 svc=0x0000 number=0x0000000000007001 return-x0=0xffffffffffffffda expected=-ENOSYS dispatched=false
qemu-process-descriptor-stdio-smoke: diagnostic-marker marker=0x7a10 stable-syscall=false dispatched=false
qemu-process-descriptor-stdio-smoke: final participants=8 expected=8 errors=0 classification=qemu-process-descriptor-stdio-smoke-complete
qemu-process-descriptor-stdio-smoke: PASS
