
Talos 0.1.0 booting on talos-aarch64-virt
boot-info: dtb_pa=0x0000000048000000 core=0 el=2 target=talos-aarch64-virt
target-services: uart=pl011 timer=arm-generic irq=gic-v2 dtb=Some(
    0x0000000048000000,
)
mmio-regions: 3
qemu-local-shell-vfs-exec: start command-count=15 backend=runtime-console0/qemu-virt-pl011 input=fd0/runtime-console0/tty-canonical-lite builtins=kernel-backed-regression-control+vfs-syscall-cat+vfs-userspace-exec-boundary+lifecycle-laststatus+waitpid-lifecycle-observation+standard-descriptor-inheritance descriptor-backed-input=true descriptor-backed-output=true
qemu-local-shell-vfs-exec: ready command=0
talos> help
talos: ok help
talos: commands help status stdio pwd echo ls cat cd exec laststatus waitpid
talos: echo forms echo hello; echo local serial works
talos: editing backspace delete ctrl-c ctrl-u

qemu-local-shell-vfs-exec: line command=0 hex=68 65 6c 70
qemu-local-shell-vfs-exec: dispatch command=0 status=handled responses=4 raw-bytes=5 backspaces=0 deletes=0 truncated=false controls=0
qemu-local-shell-vfs-exec: ready command=1
talos> status
talos: ok status
talos: version phase10.2-kernel-builtins-v1
talos: runtime-console runtime-console0
talos: builtins kernel-backed-regression-control+vfs-syscall-cat+vfs-userspace-exec-boundary+lifecycle-laststatus+waitpid-lifecycle-observation+standard-descriptor-inheritance
talos: commands help status stdio pwd echo ls cat cd exec laststatus waitpid

qemu-local-shell-vfs-exec: line command=1 hex=73 74 61 74 75 73
qemu-local-shell-vfs-exec: dispatch command=1 status=handled responses=5 raw-bytes=7 backspaces=0 deletes=0 truncated=false controls=0
qemu-local-shell-vfs-exec: ready command=2
talos> stdio
talos: ok stdio
talos: fd 0 stdio-input
talos: fd 1 stdio-output
talos: fd 2 stdio-output
talos: runtime-console runtime-console0
talos: descriptor-backed-input=true
talos: descriptor-backed-output=true

qemu-local-shell-vfs-exec: line command=2 hex=73 74 64 69 6f
qemu-local-shell-vfs-exec: dispatch command=2 status=handled responses=7 raw-bytes=6 backspaces=0 deletes=0 truncated=false controls=0
qemu-local-shell-vfs-exec: ready command=3
talos> exec /bin/status42
talos: exec path=/bin/status42 source=vfs-open-read
talos: exec-source bytes=0x0000000000000204 digest=0xfcf2aa9a18924de0
talos: exec-loader fixture=phase8-program-loader-elf64-aarch64-v1 entry=0x0000000000010100 segments=0x0000000000000002
talos: exec-launch launch-boundary=phase8-initial-process-launch-plan-v1 stack-boundary=phase8-initial-user-stack-plan-v1 address-space=0x0000000000100001 materialization=0x0000000830100001 initial-sp=0x00007fffffffffd0
talos: exec-descriptors owner=0x0000000000000001 inherited-count=0x0000000000000003 fd0=stdio-input fd1=stdio-output fd2=stdio-output loader-temp-fd=0x0000000000000003 loader-temp-open=false source=shell-process-descriptor-table
talos: exec-startup-abi state=minimal-argc1-argv0-absolute-empty-envp argc=0x0000000000000001 argv0=/bin/status42 argv0-ptr=0x00007ffffffffff0 argv-null=false envp-null=true envp-state=empty-envp0 envp-entries=0x0000000000000000 envp0-ptr=0x00007fffffffffe8 copied-startup-bytes=0x000000000000002e source=initial-user-stack-record
talos: exec-lifecycle pid=0x0000000000100001 parent=shell owner=0x0000000000000001 path=/bin/status42 state=exited status=0x000000000000002a observed-status=0x000000000000002a reaped=true
talos: exec-status boundary=lower-aarch64-svc-status-equivalent marker=0x0000000000007a10 status=0x000000000000002a complete=true source=lifecycle-record
talos: exec-signal lower-aarch64-svc-launch-boundary-equivalent

qemu-local-shell-vfs-exec: line command=3 hex=65 78 65 63 20 2f 62 69 6e 2f 73 74 61 74 75 73 34 32
qemu-local-shell-vfs-exec: dispatch command=3 status=handled responses=9 raw-bytes=19 backspaces=0 deletes=0 truncated=false controls=0
qemu-local-shell-vfs-exec: ready command=4
talos> laststatus
talos: last-process pid=0x0000000000100001 parent=shell owner=0x0000000000000001 path=/bin/status42 state=exited status=0x000000000000002a observed-status=0x000000000000002a reaped=true source=lifecycle-record

qemu-local-shell-vfs-exec: line command=4 hex=6c 61 73 74 73 74 61 74 75 73
qemu-local-shell-vfs-exec: dispatch command=4 status=handled responses=1 raw-bytes=11 backspaces=0 deletes=0 truncated=false controls=0
qemu-local-shell-vfs-exec: ready command=5
talos> exec /bin/init
talos: exec path=/bin/init source=vfs-open-read
talos: exec-source bytes=0x0000000000000204 digest=0x96ee5866736d445b
talos: exec-loader fixture=phase8-program-loader-elf64-aarch64-v1 entry=0x0000000000010100 segments=0x0000000000000002
talos: exec-launch launch-boundary=phase8-initial-process-launch-plan-v1 stack-boundary=phase8-initial-user-stack-plan-v1 address-space=0x0000000000100001 materialization=0x0000000830100001 initial-sp=0x00007fffffffffd0
talos: exec-descriptors owner=0x0000000000000001 inherited-count=0x0000000000000003 fd0=stdio-input fd1=stdio-output fd2=stdio-output loader-temp-fd=0x0000000000000003 loader-temp-open=false source=shell-process-descriptor-table
talos: exec-startup-abi state=minimal-argc1-argv0-init-empty-envp argc=0x0000000000000001 argv0=/bin/init argv0-ptr=0x00007ffffffffff0 argv-null=false envp-null=true envp-state=empty-envp0 envp-entries=0x0000000000000000 envp0-ptr=0x00007fffffffffe8 copied-startup-bytes=0x000000000000002a source=initial-user-stack-record
talos: exec-lifecycle pid=0x0000000000100001 parent=shell owner=0x0000000000000001 path=/bin/init state=exited status=0x0000000000000000 observed-status=0x0000000000000000 reaped=true
talos: exec-status boundary=lower-aarch64-svc-status-equivalent marker=0x0000000000007a10 status=0x0000000000000000 complete=true source=lifecycle-record
talos: exec-signal lower-aarch64-svc-launch-boundary-equivalent

qemu-local-shell-vfs-exec: line command=5 hex=65 78 65 63 20 2f 62 69 6e 2f 69 6e 69 74
qemu-local-shell-vfs-exec: dispatch command=5 status=handled responses=9 raw-bytes=15 backspaces=0 deletes=0 truncated=false controls=0
qemu-local-shell-vfs-exec: ready command=6
talos> laststatus
talos: last-process pid=0x0000000000100001 parent=shell owner=0x0000000000000001 path=/bin/init state=exited status=0x0000000000000000 observed-status=0x0000000000000000 reaped=true source=lifecycle-record

qemu-local-shell-vfs-exec: line command=6 hex=6c 61 73 74 73 74 61 74 75 73
qemu-local-shell-vfs-exec: dispatch command=6 status=handled responses=1 raw-bytes=11 backspaces=0 deletes=0 truncated=false controls=0
qemu-local-shell-vfs-exec: ready command=7
talos> exec /bin/zero
talos: exec path=/bin/zero source=vfs-open-read
talos: exec-source bytes=0x0000000000000204 digest=0x96ee5866736d445b
talos: exec-loader fixture=phase8-program-loader-elf64-aarch64-v1 entry=0x0000000000010100 segments=0x0000000000000002
talos: exec-launch launch-boundary=phase8-initial-process-launch-plan-v1 stack-boundary=phase8-initial-user-stack-plan-v1 address-space=0x0000000000100001 materialization=0x0000000830100001 initial-sp=0x00007fffffffffd0
talos: exec-descriptors owner=0x0000000000000001 inherited-count=0x0000000000000003 fd0=stdio-input fd1=stdio-output fd2=stdio-output loader-temp-fd=0x0000000000000003 loader-temp-open=false source=shell-process-descriptor-table
talos: exec-startup-abi state=minimal-argc1-argv0-absolute-empty-envp argc=0x0000000000000001 argv0=/bin/zero argv0-ptr=0x00007ffffffffff0 argv-null=false envp-null=true envp-state=empty-envp0 envp-entries=0x0000000000000000 envp0-ptr=0x00007fffffffffe8 copied-startup-bytes=0x000000000000002a source=initial-user-stack-record
talos: exec-lifecycle pid=0x0000000000100001 parent=shell owner=0x0000000000000001 path=/bin/zero state=exited status=0x0000000000000000 observed-status=0x0000000000000000 reaped=true
talos: exec-status boundary=lower-aarch64-svc-status-equivalent marker=0x0000000000007a10 status=0x0000000000000000 complete=true source=lifecycle-record
talos: exec-signal lower-aarch64-svc-launch-boundary-equivalent

qemu-local-shell-vfs-exec: line command=7 hex=65 78 65 63 20 2f 62 69 6e 2f 7a 65 72 6f
qemu-local-shell-vfs-exec: dispatch command=7 status=handled responses=9 raw-bytes=15 backspaces=0 deletes=0 truncated=false controls=0
qemu-local-shell-vfs-exec: ready command=8
talos> laststatus
talos: last-process pid=0x0000000000100001 parent=shell owner=0x0000000000000001 path=/bin/zero state=exited status=0x0000000000000000 observed-status=0x0000000000000000 reaped=true source=lifecycle-record

qemu-local-shell-vfs-exec: line command=8 hex=6c 61 73 74 73 74 61 74 75 73
qemu-local-shell-vfs-exec: dispatch command=8 status=handled responses=1 raw-bytes=11 backspaces=0 deletes=0 truncated=false controls=0
qemu-local-shell-vfs-exec: ready command=9
talos> exec /missing
talos: exec-not-found

qemu-local-shell-vfs-exec: line command=9 hex=65 78 65 63 20 2f 6d 69 73 73 69 6e 67
qemu-local-shell-vfs-exec: dispatch command=9 status=unexpected-argument responses=1 raw-bytes=14 backspaces=0 deletes=0 truncated=false controls=0
qemu-local-shell-vfs-exec: ready command=10
talos> exec init
talos: exec-invalid-path

qemu-local-shell-vfs-exec: line command=10 hex=65 78 65 63 20 69 6e 69 74
qemu-local-shell-vfs-exec: dispatch command=10 status=unexpected-argument responses=1 raw-bytes=10 backspaces=0 deletes=0 truncated=false controls=0
qemu-local-shell-vfs-exec: ready command=11
talos> exec /bin
talos: exec-not-executable

qemu-local-shell-vfs-exec: line command=11 hex=65 78 65 63 20 2f 62 69 6e
qemu-local-shell-vfs-exec: dispatch command=11 status=unexpected-argument responses=1 raw-bytes=10 backspaces=0 deletes=0 truncated=false controls=0
qemu-local-shell-vfs-exec: ready command=12
talos> exec /etc/banner.txt
talos: exec-not-executable

qemu-local-shell-vfs-exec: line command=12 hex=65 78 65 63 20 2f 65 74 63 2f 62 61 6e 6e 65 72 2e 74 78 74
qemu-local-shell-vfs-exec: dispatch command=12 status=unexpected-argument responses=1 raw-bytes=21 backspaces=0 deletes=0 truncated=false controls=0
qemu-local-shell-vfs-exec: ready command=13
talos> exec /empty
talos: exec-not-executable

qemu-local-shell-vfs-exec: line command=13 hex=65 78 65 63 20 2f 65 6d 70 74 79
qemu-local-shell-vfs-exec: dispatch command=13 status=unexpected-argument responses=1 raw-bytes=12 backspaces=0 deletes=0 truncated=false controls=0
qemu-local-shell-vfs-exec: ready command=14
talos> cat /etc/banner.txt
Talos initramfs fixture

qemu-local-shell-vfs-exec: line command=14 hex=63 61 74 20 2f 65 74 63 2f 62 61 6e 6e 65 72 2e 74 78 74
qemu-local-shell-vfs-exec: dispatch command=14 status=handled responses=1 raw-bytes=20 backspaces=0 deletes=0 truncated=false controls=0
talos>
qemu-local-shell-vfs-exec: ready-for-next prompt=true
qemu-local-shell-vfs-exec: final participants=15 expected=15 errors=0 classification=qemu-local-shell-vfs-exec-complete
qemu-local-shell-vfs-exec: PASS
