archive=target/talos-rpi5-local-cd-fixed-dirs-entry-provenance-core.tar.gz
sha256=80607b260c0f955d9e4184a72eb2dbf0d7e2347aab2320d241bd3c486c0252c5
file_count=19
kernel_size=110008
header_image_size=110008
text_offset=0
flags=12
loader_diagnostic=false
circle_config_loader_diagnostic=false
manifest:
  bcm2712-rpi-5-b.dtb
  cmdline.txt
  config.txt
  da591740
  da591740/bcm2712-rpi-5-b.dtb
  da591740/cmdline.txt
  da591740/config.txt
  da591740/kernel8.img
  da591740/kernel_2712.img
  da591740/overlays
  da591740/overlays/bcm2712d0.dtbo
  da591740/overlays/overlay_map.dtb
  da591740/overlays/uart0-pi5.dtbo
  kernel8.img
  kernel_2712.img
  overlays
  overlays/bcm2712d0.dtbo
  overlays/overlay_map.dtb
  overlays/uart0-pi5.dtbo
