archive=target/talos-rpi5-rp1-entry-control-source-core.tar.gz
sha256=dcbcf06ebdf2304630dc52d0aac689c6ec363f04074a055bc391a0c7829e5f37
file_count=19
kernel_size=51808
header_image_size=51808
text_offset=0
flags=12
loader_diagnostic=false
circle_config_loader_diagnostic=false
manifest:
  bcm2712-rpi-5-b.dtb
  cmdline.txt
  config.txt
  da591740
  da591740/bcm2712-rpi-5-b.dtb
  da591740/cmdline.txt
  da591740/config.txt
  da591740/kernel8.img
  da591740/kernel_2712.img
  da591740/overlays
  da591740/overlays/bcm2712d0.dtbo
  da591740/overlays/overlay_map.dtb
  da591740/overlays/uart0-pi5.dtbo
  kernel8.img
  kernel_2712.img
  overlays
  overlays/bcm2712d0.dtbo
  overlays/overlay_map.dtb
  overlays/uart0-pi5.dtbo
