archive=target/talos-rpi5-post-handoff-marker-reset-core.tar.gz
sha256=73a74db1d08d89a3aa371d5329bc6158553bef172a82f0b479598bc29f15acaa
file_count=19
kernel_size=51736
header_image_size=51736
text_offset=0
flags=12
loader_diagnostic=false
circle_config_loader_diagnostic=false
manifest:
  bcm2712-rpi-5-b.dtb
  cmdline.txt
  config.txt
  da591740
  da591740/bcm2712-rpi-5-b.dtb
  da591740/cmdline.txt
  da591740/config.txt
  da591740/kernel8.img
  da591740/kernel_2712.img
  da591740/overlays
  da591740/overlays/bcm2712d0.dtbo
  da591740/overlays/overlay_map.dtb
  da591740/overlays/uart0-pi5.dtbo
  kernel8.img
  kernel_2712.img
  overlays
  overlays/bcm2712d0.dtbo
  overlays/overlay_map.dtb
  overlays/uart0-pi5.dtbo
