
Talos 0.1.0 booting on talos-aarch64-virt
boot-info: dtb_pa=0x0000000048000000 core=0 el=2 target=talos-aarch64-virt
target-services: uart=pl011 timer=arm-generic irq=gic-v2 dtb=Some(
    0x0000000048000000,
)
mmio-regions: 3
qemu-dup-syscall-smoke: start
qemu-dup-syscall-smoke: validated elr=0x0000000000100000 sp=0x0000000000200000 user-data=0x0000000000110000 user-data-len=0x0000000000001000 guard-blocked=true process-owner=0x0000000000000001 current-owner=0x0000000000000001 descriptor-table=process-owned-inherited-stdio descriptor-capacity=4 runtime-console=runtime-console0
qemu-dup-syscall-smoke: current-descriptor-table lookup=process-owned owner=0x0000000000000001 resolved=true stdio=inherited runtime-console=runtime-console0
qemu-dup-syscall-smoke: syscall case=dup_stdout vector=lower-aarch64-sync esr=0x0000000054000000 svc=0x0000 number=3 args=[x0=0x0000000000000001 x1=0x0000000000000000 x2=0x0000000000000000 x3=0x0000000000000000 x4=0x0000000000000000 x5=0x0000000000000000] descriptor-owner=0x0000000000000001 return-x0=0x0000000000000003 lowest-free=true source-open=true
qemu-dup-syscall-smoke: syscall case=dup_stderr_full vector=lower-aarch64-sync esr=0x0000000054000000 svc=0x0000 number=3 return-x0=0xffffffffffffffe8 expected=-EMFILE table-unchanged=true
qemu-dup-syscall-smoke: syscall case=dup_stdout_reserved vector=lower-aarch64-sync esr=0x0000000054000000 svc=0x0000 number=3 return-x0=0xffffffffffffffea expected=-EINVAL table-unchanged=true
qemu-dup-syscall-smoke: syscall case=write_stdout_source vector=lower-aarch64-sync esr=0x0000000054000000 svc=0x0000 number=1 args=[x0=0x0000000000000001 x1=0x0000000000110000 x2=0x0000000000000013 x3=0x0000000000000000 x4=0x0000000000000000 x5=0x0000000000000000] descriptor-owner=0x0000000000000001 return-x0=0x0000000000000013
qemu-dup-syscall-smoke: runtime-console case=write_stdout_source device=runtime-console0 bytes=19 hex=74616c6f732d6475702d7372632d71656d750a ok=true
qemu-dup-syscall-smoke: syscall case=write_stdout_duplicate vector=lower-aarch64-sync esr=0x0000000054000000 svc=0x0000 number=1 args=[x0=0x0000000000000003 x1=0x0000000000110040 x2=0x0000000000000013 x3=0x0000000000000000 x4=0x0000000000000000 x5=0x0000000000000000] descriptor-owner=0x0000000000000001 return-x0=0x0000000000000013
qemu-dup-syscall-smoke: runtime-console case=write_stdout_duplicate device=runtime-console0 bytes=19 hex=74616c6f732d6475702d6e65772d71656d750a ok=true
qemu-dup-syscall-smoke: syscall case=close_stdout_source vector=lower-aarch64-sync esr=0x0000000054000000 svc=0x0000 number=2 args=[x0=0x0000000000000001 x1=0x0000000000000000 x2=0x0000000000000000 x3=0x0000000000000000 x4=0x0000000000000000 x5=0x0000000000000000] descriptor-owner=0x0000000000000001 return-x0=0x0000000000000000
qemu-dup-syscall-smoke: syscall case=write_stdout_source_after_close vector=lower-aarch64-sync esr=0x0000000054000000 svc=0x0000 number=1 return-x0=0xfffffffffffffff7 expected=-EBADF console-unchanged=true
qemu-dup-syscall-smoke: syscall case=write_duplicate_after_source_close vector=lower-aarch64-sync esr=0x0000000054000000 svc=0x0000 number=1 args=[x0=0x0000000000000003 x1=0x0000000000110040 x2=0x0000000000000013 x3=0x0000000000000000 x4=0x0000000000000000 x5=0x0000000000000000] descriptor-owner=0x0000000000000001 return-x0=0x0000000000000013
qemu-dup-syscall-smoke: runtime-console case=write_duplicate_after_source_close device=runtime-console0 bytes=19 hex=74616c6f732d6475702d6e65772d71656d750a ok=true
qemu-dup-syscall-smoke: syscall case=close_stdout_duplicate vector=lower-aarch64-sync esr=0x0000000054000000 svc=0x0000 number=2 args=[x0=0x0000000000000003 x1=0x0000000000000000 x2=0x0000000000000000 x3=0x0000000000000000 x4=0x0000000000000000 x5=0x0000000000000000] descriptor-owner=0x0000000000000001 return-x0=0x0000000000000000
qemu-dup-syscall-smoke: syscall case=write_duplicate_after_duplicate_close vector=lower-aarch64-sync esr=0x0000000054000000 svc=0x0000 number=1 return-x0=0xfffffffffffffff7 expected=-EBADF console-unchanged=true
qemu-dup-syscall-smoke: syscall case=dup_closed_source vector=lower-aarch64-sync esr=0x0000000054000000 svc=0x0000 number=3 return-x0=0xfffffffffffffff7 expected=-EBADF table-unchanged=true
qemu-dup-syscall-smoke: syscall case=talos_nop vector=lower-aarch64-sync esr=0x0000000054000000 svc=0x0000 number=0 return-x0=0x0000000000000000
qemu-dup-syscall-smoke: syscall case=unknown vector=lower-aarch64-sync esr=0x0000000054000000 svc=0x0000 number=17 return-x0=0xffffffffffffffda expected=-ENOSYS
qemu-dup-syscall-smoke: syscall case=copy_probe_quarantine vector=lower-aarch64-sync esr=0x0000000054000000 svc=0x0000 number=0x0000000000007001 return-x0=0xffffffffffffffda expected=-ENOSYS dispatched=false
qemu-dup-syscall-smoke: diagnostic-marker marker=0x7a10 stable-syscall=false dispatched=false
qemu-dup-syscall-smoke: final participants=14 expected=14 errors=0 classification=qemu-dup-syscall-smoke-complete
qemu-dup-syscall-smoke: PASS
