archive=target/talos-rpi5-local-cd-fixed-dirs-dtb-progress-core.tar.gz
sha256=a98dd763fbd0cc80cc4c3a09655795dbd52da5850fedc6a59278fc500ace6c58
file_count=19
kernel_size=110008
header_image_size=110008
text_offset=0
flags=12
loader_diagnostic=false
circle_config_loader_diagnostic=false
manifest:
  bcm2712-rpi-5-b.dtb
  cmdline.txt
  config.txt
  da591740
  da591740/bcm2712-rpi-5-b.dtb
  da591740/cmdline.txt
  da591740/config.txt
  da591740/kernel8.img
  da591740/kernel_2712.img
  da591740/overlays
  da591740/overlays/bcm2712d0.dtbo
  da591740/overlays/overlay_map.dtb
  da591740/overlays/uart0-pi5.dtbo
  kernel8.img
  kernel_2712.img
  overlays
  overlays/bcm2712d0.dtbo
  overlays/overlay_map.dtb
  overlays/uart0-pi5.dtbo
