
Talos 0.1.0 booting on talos-aarch64-virt
boot-info: dtb_pa=0x0000000048000000 core=0 el=2 target=talos-aarch64-virt
target-services: uart=pl011 timer=arm-generic irq=gic-v2 dtb=Some(
    0x0000000048000000,
)
mmio-regions: 3
qemu-local-shell-multiple-background-jobs: start command-count=15 backend=runtime-console0/qemu-virt-pl011 input=fd0/runtime-console0/tty-canonical-lite builtins=kernel-backed-regression-control+vfs-syscall-cat+vfs-userspace-exec-boundary+lifecycle-laststatus+waitpid-lifecycle-observation+standard-descriptor-inheritance+userspace-stdout-through-inherited-fd1+userspace-stdin-through-inherited-fd0+userspace-stderr-through-inherited-fd2+descriptor-dup-redirection-1-to-2+descriptor-dup-redirection-2-to-1+descriptor-close-redirection-1+descriptor-close-redirection-2+minimal-stdout-to-stdin-pipeline+stdout-only-pipeline-stderr-not-piped+pipeline-stderr-dup-to-stdout+pipeline-stdout-redirect-away+stdout-dev-null-redirection+stderr-dev-null-redirection+stdin-dev-null-redirection+readonly-regular-file-stdin-redirection+volatile-stdout-regular-file-redirection+volatile-stderr-regular-file-redirection+explicit-fd1-regular-file-redirection+stdout-arbitrary-tmp-output-redirection+stderr-arbitrary-tmp-output-redirection+combined-stdin-stdout-redirection+pipeline-consumer-output-redirection+pipeline-producer-file-redirection-away+background-vfs-exec-lifecycle+jobs-accounting-list+multiple-background-vfs-exec-records descriptor-backed-input=true descriptor-backed-output=true
qemu-local-shell-multiple-background-jobs: ready command=0
talos> help
talos: ok help
talos: commands help status stdio pwd echo ls cat cd exec laststatus waitpid jobs
talos: echo forms echo hello; echo local serial works
talos: editing backspace delete ctrl-c ctrl-u

qemu-local-shell-multiple-background-jobs: line command=0 hex=68 65 6c 70
qemu-local-shell-multiple-background-jobs: dispatch command=0 status=handled responses=4 raw-bytes=5 backspaces=0 deletes=0 truncated=false controls=0
qemu-local-shell-multiple-background-jobs: ready command=1
talos> status
talos: ok status
talos: version phase10.2-kernel-builtins-v2
talos: runtime-console runtime-console0
talos: builtins kernel-backed-regression-control+vfs-syscall-cat+vfs-userspace-exec-boundary+lifecycle-laststatus+waitpid-lifecycle-observation+standard-descriptor-inheritance+userspace-stdout-through-inherited-fd1+userspace-stdin-through-inherited-fd0+userspace-stderr-through-inherited-fd2+descriptor-dup-redirection-1-to-2+descriptor-dup-redirection-2-to-1+descriptor-close-redirection-1+descriptor-close-redirection-2+minimal-stdout-to-stdin-pipeline+stdout-only-pipeline-stderr-not-piped+pipeline-stderr-dup-to-stdout+pipeline-stdout-redirect-away+stdout-dev-null-redirection+stderr-dev-null-redirection+stdin-dev-null-redirection+readonly-regular-file-stdin-redirection+volatile-stdout-regular-file-redirection+volatile-stderr-regular-file-redirection+explicit-fd1-regular-file-redirection+stdout-arbitrary-tmp-output-redirection+stderr-arbitrary-tmp-output-redirection+combined-stdin-stdout-redirection+pipeline-consumer-output-redirection+pipeline-producer-file-redirection-away+background-vfs-exec-lifecycle+jobs-accounting-list+multiple-background-vfs-exec-records
talos: commands help status stdio pwd echo ls cat cd exec laststatus waitpid jobs

qemu-local-shell-multiple-background-jobs: line command=1 hex=73 74 61 74 75 73
qemu-local-shell-multiple-background-jobs: dispatch command=1 status=handled responses=5 raw-bytes=7 backspaces=0 deletes=0 truncated=false controls=0
qemu-local-shell-multiple-background-jobs: ready command=2
talos> stdio
talos: ok stdio
talos: fd 0 stdio-input
talos: fd 1 stdio-output
talos: fd 2 stdio-output
talos: runtime-console runtime-console0
talos: descriptor-backed-input=true
talos: descriptor-backed-output=true

qemu-local-shell-multiple-background-jobs: line command=2 hex=73 74 64 69 6f
qemu-local-shell-multiple-background-jobs: dispatch command=2 status=handled responses=7 raw-bytes=6 backspaces=0 deletes=0 truncated=false controls=0
qemu-local-shell-multiple-background-jobs: ready command=3
talos> jobs
talos: jobs none source=background-vfs-exec-accounting

qemu-local-shell-multiple-background-jobs: line command=3 hex=6a 6f 62 73
qemu-local-shell-multiple-background-jobs: dispatch command=3 status=handled responses=1 raw-bytes=5 backspaces=0 deletes=0 truncated=false controls=0
qemu-local-shell-multiple-background-jobs: ready command=4
talos> exec /bin/status42 &
talos: exec path=/bin/status42 source=vfs-open-read mode=background
talos: exec-source bytes=0x0000000000000204 digest=0xfcf2aa9a18924de0
talos: exec-loader fixture=phase8-program-loader-elf64-aarch64-v1 entry=0x0000000000010100 segments=0x0000000000000002
talos: exec-launch launch-boundary=phase8-initial-process-launch-plan-v1 stack-boundary=phase8-initial-user-stack-plan-v1 address-space=0x0000000000100001 materialization=0x0000000830100001 initial-sp=0x00007fffffffffd0
talos: exec-descriptors owner=0x0000000000000001 inherited-count=0x0000000000000003 fd0=stdio-input fd1=stdio-output fd2=stdio-output loader-temp-fd=0x0000000000000003 loader-temp-open=false source=shell-process-descriptor-table
talos: exec-startup-abi state=minimal-argc1-argv0-absolute-empty-envp argc=0x0000000000000001 argv0=/bin/status42 argv0-ptr=0x00007ffffffffff0 argv-null=false envp-null=true envp-state=empty-envp0 envp-entries=0x0000000000000000 envp0-ptr=0x00007fffffffffe8 copied-startup-bytes=0x000000000000002e source=initial-user-stack-record
talos: background-job id=0x0000000000000001 pid=0x0000000000100001 command=/bin/status42 state=running reaped=false status=pending shell-responsive=true source=background-vfs-exec-accounting
talos: background-signal lower-aarch64-svc-launch-boundary-equivalent

qemu-local-shell-multiple-background-jobs: line command=4 hex=65 78 65 63 20 2f 62 69 6e 2f 73 74 61 74 75 73 34 32 20 26
qemu-local-shell-multiple-background-jobs: dispatch command=4 status=handled responses=8 raw-bytes=21 backspaces=0 deletes=0 truncated=false controls=0
qemu-local-shell-multiple-background-jobs: ready command=5
talos> exec /bin/zero &
talos: background-job id=0x0000000000000001 pid=0x0000000000100001 command=/bin/status42 state=completed status=0x000000000000002a observed-status=0x000000000000002a reaped=true shell-responsive=observed source=background-vfs-exec-accounting
talos: exec path=/bin/zero source=vfs-open-read mode=background
talos: exec-source bytes=0x0000000000000204 digest=0x96ee5866736d445b
talos: exec-loader fixture=phase8-program-loader-elf64-aarch64-v1 entry=0x0000000000010100 segments=0x0000000000000002
talos: exec-launch launch-boundary=phase8-initial-process-launch-plan-v1 stack-boundary=phase8-initial-user-stack-plan-v1 address-space=0x0000000000100001 materialization=0x0000000830100001 initial-sp=0x00007fffffffffd0
talos: exec-descriptors owner=0x0000000000000001 inherited-count=0x0000000000000003 fd0=stdio-input fd1=stdio-output fd2=stdio-output loader-temp-fd=0x0000000000000003 loader-temp-open=false source=shell-process-descriptor-table
talos: exec-startup-abi state=minimal-argc1-argv0-absolute-empty-envp argc=0x0000000000000001 argv0=/bin/zero argv0-ptr=0x00007ffffffffff0 argv-null=false envp-null=true envp-state=empty-envp0 envp-entries=0x0000000000000000 envp0-ptr=0x00007fffffffffe8 copied-startup-bytes=0x000000000000002a source=initial-user-stack-record
talos: background-job id=0x0000000000000002 pid=0x0000000000100002 command=/bin/zero state=running reaped=false status=pending shell-responsive=true source=background-vfs-exec-accounting
talos: background-signal lower-aarch64-svc-launch-boundary-equivalent

qemu-local-shell-multiple-background-jobs: line command=5 hex=65 78 65 63 20 2f 62 69 6e 2f 7a 65 72 6f 20 26
qemu-local-shell-multiple-background-jobs: dispatch command=5 status=handled responses=9 raw-bytes=17 backspaces=0 deletes=0 truncated=false controls=0
qemu-local-shell-multiple-background-jobs: ready command=6
talos> jobs
talos: jobs id=0x0000000000000001 pid=0x0000000000100001 command=/bin/status42 state=completed status=0x000000000000002a observed-status=0x000000000000002a reaped=true source=background-vfs-exec-accounting
talos: jobs id=0x0000000000000002 pid=0x0000000000100002 command=/bin/zero state=running status=pending reaped=false source=background-vfs-exec-accounting

qemu-local-shell-multiple-background-jobs: line command=6 hex=6a 6f 62 73
qemu-local-shell-multiple-background-jobs: dispatch command=6 status=handled responses=2 raw-bytes=5 backspaces=0 deletes=0 truncated=false controls=0
qemu-local-shell-multiple-background-jobs: ready command=7
talos> jobs
talos: jobs id=0x0000000000000002 pid=0x0000000000100002 command=/bin/zero state=completed status=0x0000000000000000 observed-status=0x0000000000000000 reaped=true source=background-vfs-exec-accounting

qemu-local-shell-multiple-background-jobs: line command=7 hex=6a 6f 62 73
qemu-local-shell-multiple-background-jobs: dispatch command=7 status=handled responses=1 raw-bytes=5 backspaces=0 deletes=0 truncated=false controls=0
qemu-local-shell-multiple-background-jobs: ready command=8
talos> waitpid
talos: waitpid no-child source=lifecycle-record

qemu-local-shell-multiple-background-jobs: line command=8 hex=77 61 69 74 70 69 64
qemu-local-shell-multiple-background-jobs: dispatch command=8 status=handled responses=1 raw-bytes=8 backspaces=0 deletes=0 truncated=false controls=0
qemu-local-shell-multiple-background-jobs: ready command=9
talos> laststatus
talos: last-process none

qemu-local-shell-multiple-background-jobs: line command=9 hex=6c 61 73 74 73 74 61 74 75 73
qemu-local-shell-multiple-background-jobs: dispatch command=9 status=handled responses=1 raw-bytes=11 backspaces=0 deletes=0 truncated=false controls=0
qemu-local-shell-multiple-background-jobs: ready command=10
talos> exec /bin/zero
talos: exec path=/bin/zero source=vfs-open-read
talos: exec-source bytes=0x0000000000000204 digest=0x96ee5866736d445b
talos: exec-loader fixture=phase8-program-loader-elf64-aarch64-v1 entry=0x0000000000010100 segments=0x0000000000000002
talos: exec-launch launch-boundary=phase8-initial-process-launch-plan-v1 stack-boundary=phase8-initial-user-stack-plan-v1 address-space=0x0000000000100001 materialization=0x0000000830100001 initial-sp=0x00007fffffffffd0
talos: exec-descriptors owner=0x0000000000000001 inherited-count=0x0000000000000003 fd0=stdio-input fd1=stdio-output fd2=stdio-output loader-temp-fd=0x0000000000000003 loader-temp-open=false source=shell-process-descriptor-table
talos: exec-startup-abi state=minimal-argc1-argv0-absolute-empty-envp argc=0x0000000000000001 argv0=/bin/zero argv0-ptr=0x00007ffffffffff0 argv-null=false envp-null=true envp-state=empty-envp0 envp-entries=0x0000000000000000 envp0-ptr=0x00007fffffffffe8 copied-startup-bytes=0x000000000000002a source=initial-user-stack-record
talos: exec-lifecycle pid=0x0000000000100001 parent=shell owner=0x0000000000000001 path=/bin/zero state=exited status=0x0000000000000000 observed-status=0x0000000000000000 reaped=true
talos: exec-status boundary=lower-aarch64-svc-status-equivalent marker=0x0000000000007a10 status=0x0000000000000000 complete=true source=lifecycle-record
talos: exec-signal lower-aarch64-svc-launch-boundary-equivalent

qemu-local-shell-multiple-background-jobs: line command=10 hex=65 78 65 63 20 2f 62 69 6e 2f 7a 65 72 6f
qemu-local-shell-multiple-background-jobs: dispatch command=10 status=handled responses=9 raw-bytes=15 backspaces=0 deletes=0 truncated=false controls=0
qemu-local-shell-multiple-background-jobs: ready command=11
talos> waitpid
talos: waitpid pid=0x0000000000100001 parent=shell owner=0x0000000000000001 path=/bin/zero state=exited status=0x0000000000000000 observed-status=0x0000000000000000 reaped=true source=lifecycle-record

qemu-local-shell-multiple-background-jobs: line command=11 hex=77 61 69 74 70 69 64
qemu-local-shell-multiple-background-jobs: dispatch command=11 status=handled responses=1 raw-bytes=8 backspaces=0 deletes=0 truncated=false controls=0
qemu-local-shell-multiple-background-jobs: ready command=12
talos> laststatus
talos: last-process pid=0x0000000000100001 parent=shell owner=0x0000000000000001 path=/bin/zero state=exited status=0x0000000000000000 observed-status=0x0000000000000000 reaped=true source=lifecycle-record

qemu-local-shell-multiple-background-jobs: line command=12 hex=6c 61 73 74 73 74 61 74 75 73
qemu-local-shell-multiple-background-jobs: dispatch command=12 status=handled responses=1 raw-bytes=11 backspaces=0 deletes=0 truncated=false controls=0
qemu-local-shell-multiple-background-jobs: ready command=13
talos> exec /bin/status42&
talos: exec-invalid-path

qemu-local-shell-multiple-background-jobs: line command=13 hex=65 78 65 63 20 2f 62 69 6e 2f 73 74 61 74 75 73 34 32 26
qemu-local-shell-multiple-background-jobs: dispatch command=13 status=unexpected-argument responses=1 raw-bytes=20 backspaces=0 deletes=0 truncated=false controls=0
qemu-local-shell-multiple-background-jobs: ready command=14
talos> exec stdout &
talos: exec-invalid-path

qemu-local-shell-multiple-background-jobs: line command=14 hex=65 78 65 63 20 73 74 64 6f 75 74 20 26
qemu-local-shell-multiple-background-jobs: dispatch command=14 status=unexpected-argument responses=1 raw-bytes=14 backspaces=0 deletes=0 truncated=false controls=0
talos>
qemu-local-shell-multiple-background-jobs: ready-for-next prompt=true
qemu-local-shell-multiple-background-jobs: final participants=15 expected=15 errors=0 classification=qemu-local-shell-multiple-background-jobs-complete
qemu-local-shell-multiple-background-jobs: PASS
