
Talos 0.1.0 booting on talos-aarch64-virt
boot-info: dtb_pa=0x0000000048000000 core=0 el=2 target=talos-aarch64-virt
target-services: uart=pl011 timer=arm-generic irq=gic-v2 dtb=Some(
    0x0000000048000000,
)
mmio-regions: 3
qemu-local-cat-banner: start command-count=7 backend=runtime-console0/qemu-virt-pl011 input=fd0/runtime-console0/tty-canonical-lite builtins=kernel-backed-regression-control+vfs-syscall-cat+vfs-userspace-exec-boundary+lifecycle-laststatus+waitpid-lifecycle-observation+standard-descriptor-inheritance+userspace-stdout-through-inherited-fd1+userspace-stdin-through-inherited-fd0+userspace-stderr-through-inherited-fd2+descriptor-dup-redirection-1-to-2+descriptor-dup-redirection-2-to-1+descriptor-close-redirection-1+descriptor-close-redirection-2+minimal-stdout-to-stdin-pipeline+stdout-only-pipeline-stderr-not-piped+pipeline-stderr-dup-to-stdout+pipeline-stdout-redirect-away+stdout-dev-null-redirection descriptor-backed-input=true descriptor-backed-output=true
qemu-local-cat-banner: ready command=0
talos> help
talos: ok help
talos: commands help status stdio pwd echo ls cat cd exec laststatus waitpid
talos: echo forms echo hello; echo local serial works
talos: editing backspace delete ctrl-c ctrl-u

qemu-local-cat-banner: line command=0 hex=68 65 6c 70
qemu-local-cat-banner: dispatch command=0 status=handled responses=4 raw-bytes=5 backspaces=0 deletes=0 truncated=false controls=0
qemu-local-cat-banner: ready command=1
talos> status
talos: ok status
talos: version phase10.2-kernel-builtins-v1
talos: runtime-console runtime-console0
talos: builtins kernel-backed-regression-control+vfs-syscall-cat+vfs-userspace-exec-boundary+lifecycle-laststatus+waitpid-lifecycle-observation+standard-descriptor-inheritance+userspace-stdout-through-inherited-fd1+userspace-stdin-through-inherited-fd0+userspace-stderr-through-inherited-fd2+descriptor-dup-redirection-1-to-2+descriptor-dup-redirection-2-to-1+descriptor-close-redirection-1+descriptor-close-redirection-2+minimal-stdout-to-stdin-pipeline+stdout-only-pipeline-stderr-not-piped+pipeline-stderr-dup-to-stdout+pipeline-stdout-redirect-away+stdout-dev-null-redirection
talos: commands help status stdio pwd echo ls cat cd exec laststatus waitpid

qemu-local-cat-banner: line command=1 hex=73 74 61 74 75 73
qemu-local-cat-banner: dispatch command=1 status=handled responses=5 raw-bytes=7 backspaces=0 deletes=0 truncated=false controls=0
qemu-local-cat-banner: ready command=2
talos> stdio
talos: ok stdio
talos: fd 0 stdio-input
talos: fd 1 stdio-output
talos: fd 2 stdio-output
talos: runtime-console runtime-console0
talos: descriptor-backed-input=true
talos: descriptor-backed-output=true

qemu-local-cat-banner: line command=2 hex=73 74 64 69 6f
qemu-local-cat-banner: dispatch command=2 status=handled responses=7 raw-bytes=6 backspaces=0 deletes=0 truncated=false controls=0
qemu-local-cat-banner: ready command=3
talos> cat /etc/banner.txt
Talos initramfs fixture

qemu-local-cat-banner: line command=3 hex=63 61 74 20 2f 65 74 63 2f 62 61 6e 6e 65 72 2e 74 78 74
qemu-local-cat-banner: dispatch command=3 status=handled responses=1 raw-bytes=20 backspaces=0 deletes=0 truncated=false controls=0
qemu-local-cat-banner: ready command=4
talos> ls /bin
init
zero
status42
stdout
stdin
stderr

qemu-local-cat-banner: line command=4 hex=6c 73 20 2f 62 69 6e
qemu-local-cat-banner: dispatch command=4 status=handled responses=6 raw-bytes=8 backspaces=0 deletes=0 truncated=false controls=0
qemu-local-cat-banner: ready command=5
talos>
talos: empty-command

qemu-local-cat-banner: line command=5 hex=
qemu-local-cat-banner: dispatch command=5 status=empty-command responses=1 raw-bytes=1 backspaces=0 deletes=0 truncated=false controls=0
qemu-local-cat-banner: ready command=6
talos> bogus
talos: unknown-command

qemu-local-cat-banner: line command=6 hex=62 6f 67 75 73
qemu-local-cat-banner: dispatch command=6 status=unknown-command responses=1 raw-bytes=6 backspaces=0 deletes=0 truncated=false controls=0
talos>
qemu-local-cat-banner: ready-for-next prompt=true
qemu-local-cat-banner: final participants=7 expected=7 errors=0 classification=qemu-local-cat-banner-complete
qemu-local-cat-banner: PASS
