
Talos 0.1.0 booting on talos-aarch64-virt
boot-info: dtb_pa=0x0000000048000000 core=0 el=2 target=talos-aarch64-virt
target-services: uart=pl011 timer=arm-generic irq=gic-v2 dtb=Some(
    0x0000000048000000,
)
mmio-regions: 3
qemu-local-literal-echo: start command-count=6 backend=runtime-console0/qemu-virt-pl011 input=fd0/runtime-console0/tty-canonical-lite builtins=kernel-backed-regression-control+vfs-syscall-cat+vfs-userspace-exec-boundary+lifecycle-laststatus+waitpid-lifecycle-observation+standard-descriptor-inheritance+userspace-stdout-through-inherited-fd1+userspace-stdin-through-inherited-fd0+userspace-stderr-through-inherited-fd2+descriptor-dup-redirection-1-to-2+descriptor-dup-redirection-2-to-1+descriptor-close-redirection-1+descriptor-close-redirection-2+minimal-stdout-to-stdin-pipeline+stdout-only-pipeline-stderr-not-piped+pipeline-stderr-dup-to-stdout+pipeline-stdout-redirect-away+stdout-dev-null-redirection+stderr-dev-null-redirection+stdin-dev-null-redirection+readonly-regular-file-stdin-redirection+volatile-stdout-regular-file-redirection+volatile-stderr-regular-file-redirection+explicit-fd1-regular-file-redirection+stdout-arbitrary-tmp-output-redirection+stderr-arbitrary-tmp-output-redirection+combined-stdin-stdout-redirection+pipeline-consumer-output-redirection+pipeline-producer-file-redirection-away+background-vfs-exec-lifecycle+jobs-accounting-list+multiple-background-vfs-exec-records+background-jobs-stale-entry-policy+generated-root-manifest-read+generated-root-executable-vfs-exec descriptor-backed-input=true descriptor-backed-output=true
qemu-local-literal-echo: ready command=0
talos> help

talos: ok help
talos: commands help status stdio pwd echo ls cat cd exec laststatus waitpid jobs
talos: echo forms echo hello; echo local serial works
talos: editing backspace delete ctrl-c ctrl-u

qemu-local-literal-echo: line command=0 hex=68 65 6c 70
qemu-local-literal-echo: dispatch command=0 status=handled responses=4 raw-bytes=5 backspaces=0 deletes=0 truncated=false controls=0
qemu-local-literal-echo: ready command=1
talos> status

talos: ok status
talos: version phase10.2-kernel-builtins-v2
talos: runtime-console runtime-console0
talos: builtins kernel-backed-regression-control+vfs-syscall-cat+vfs-userspace-exec-boundary+lifecycle-laststatus+waitpid-lifecycle-observation+standard-descriptor-inheritance+userspace-stdout-through-inherited-fd1+userspace-stdin-through-inherited-fd0+userspace-stderr-through-inherited-fd2+descriptor-dup-redirection-1-to-2+descriptor-dup-redirection-2-to-1+descriptor-close-redirection-1+descriptor-close-redirection-2+minimal-stdout-to-stdin-pipeline+stdout-only-pipeline-stderr-not-piped+pipeline-stderr-dup-to-stdout+pipeline-stdout-redirect-away+stdout-dev-null-redirection+stderr-dev-null-redirection+stdin-dev-null-redirection+readonly-regular-file-stdin-redirection+volatile-stdout-regular-file-redirection+volatile-stderr-regular-file-redirection+explicit-fd1-regular-file-redirection+stdout-arbitrary-tmp-output-redirection+stderr-arbitrary-tmp-output-redirection+combined-stdin-stdout-redirection+pipeline-consumer-output-redirection+pipeline-producer-file-redirection-away+background-vfs-exec-lifecycle+jobs-accounting-list+multiple-background-vfs-exec-records+background-jobs-stale-entry-policy+generated-root-manifest-read+generated-root-executable-vfs-exec
talos: commands help status stdio pwd echo ls cat cd exec laststatus waitpid jobs

qemu-local-literal-echo: line command=1 hex=73 74 61 74 75 73
qemu-local-literal-echo: dispatch command=1 status=handled responses=5 raw-bytes=7 backspaces=0 deletes=0 truncated=false controls=0
qemu-local-literal-echo: ready command=2
talos> stdio

talos: ok stdio
talos: fd 0 stdio-input
talos: fd 1 stdio-output
talos: fd 2 stdio-output
talos: runtime-console runtime-console0
talos: descriptor-backed-input=true
talos: descriptor-backed-output=true

qemu-local-literal-echo: line command=2 hex=73 74 64 69 6f
qemu-local-literal-echo: dispatch command=2 status=handled responses=7 raw-bytes=6 backspaces=0 deletes=0 truncated=false controls=0
qemu-local-literal-echo: ready command=3
talos> echo local serial works

local serial works

qemu-local-literal-echo: line command=3 hex=65 63 68 6f 20 6c 6f 63 61 6c 20 73 65 72 69 61 6c 20 77 6f 72 6b 73
qemu-local-literal-echo: dispatch command=3 status=handled responses=1 raw-bytes=24 backspaces=0 deletes=0 truncated=false controls=0
qemu-local-literal-echo: ready command=4
talos>

talos: empty-command

qemu-local-literal-echo: line command=4 hex=
qemu-local-literal-echo: dispatch command=4 status=empty-command responses=1 raw-bytes=1 backspaces=0 deletes=0 truncated=false controls=0
qemu-local-literal-echo: ready command=5
talos> bogus

talos: unknown-command

qemu-local-literal-echo: line command=5 hex=62 6f 67 75 73
qemu-local-literal-echo: dispatch command=5 status=unknown-command responses=1 raw-bytes=6 backspaces=0 deletes=0 truncated=false controls=0
talos>
qemu-local-literal-echo: ready-for-next prompt=true
qemu-local-literal-echo: final participants=6 expected=6 errors=0 classification=qemu-local-literal-echo-complete
qemu-local-literal-echo: PASS
qemu-local-serial-write-ingress-control: observed-prompt command=0 boundary=talos-prompt delayed-input=help injection=after-visible-prompt delay-seconds=0.25
qemu-local-serial-write-ingress-control: observed-prompt command=1 boundary=talos-prompt delayed-input=status injection=after-visible-prompt delay-seconds=0.25
qemu-local-serial-write-ingress-control: observed-prompt command=2 boundary=talos-prompt delayed-input=stdio injection=after-visible-prompt delay-seconds=0.25
qemu-local-serial-write-ingress-control: observed-prompt command=3 boundary=talos-prompt delayed-input=echo\ local\ serial\ works injection=after-visible-prompt delay-seconds=0.25
qemu-local-serial-write-ingress-control: observed-prompt command=4 boundary=talos-prompt delayed-input=\<enter\> injection=after-visible-prompt delay-seconds=0.25
qemu-local-serial-write-ingress-control: observed-prompt command=5 boundary=talos-prompt delayed-input=bogus injection=after-visible-prompt delay-seconds=0.25
qemu-local-serial-write-ingress-control: prompts-observed=6 commands-written=6
qemu-local-serial-write-ingress-control: final participants=6 expected=6 errors=0 classification=serial-write-ingress-control-complete
qemu-local-serial-write-ingress-control: PASS
